#
# There is insufficient memory for the Java Runtime Environment to continue.
# Native memory allocation (mmap) failed to map 566231040 bytes for G1 virtual space
# Possible reasons:
#   The system is out of physical RAM or swap space
#   The process is running with CompressedOops enabled, and the Java Heap may be blocking the growth of the native heap
# Possible solutions:
#   Reduce memory load on the system
#   Increase physical memory or swap space
#   Check if swap backing store is full
#   Decrease Java heap size (-Xmx/-Xms)
#   Decrease number of Java threads
#   Decrease Java thread stack sizes (-Xss)
#   Set larger code cache with -XX:ReservedCodeCacheSize=
#   JVM is running with Zero Based Compressed Oops mode in which the Java heap is
#     placed in the first 32GB address space. The Java Heap base address is the
#     maximum limit for the native heap growth. Please use -XX:HeapBaseMinAddress
#     to set the Java Heap base and to place the Java Heap above 32GB virtual address.
# This output file may be truncated or incomplete.
#
#  Out of Memory Error (os_windows.cpp:3548), pid=15224, tid=1548
#
# JRE version: Java(TM) SE Runtime Environment (17.0.12+8) (build 17.0.12+8-LTS-286)
# Java VM: Java HotSpot(TM) 64-Bit Server VM (17.0.12+8-LTS-286, mixed mode, emulated-client, sharing, tiered, compressed oops, compressed class ptrs, g1 gc, windows-amd64)
# No core dump will be written. Minidumps are not enabled by default on client versions of Windows
#

---------------  S U M M A R Y ------------

Command Line: -XX:TieredStopAtLevel=1 -Dspring.output.ansi.enabled=always -Dcom.sun.management.jmxremote -Dspring.jmx.enabled=true -Dspring.liveBeansView.mbeanDomain -Dspring.application.admin.enabled=true -Dmanagement.endpoints.jmx.exposure.include=* -javaagent:C:\Program Files\JetBrains\IntelliJ IDEA 2025.1.1.1\lib\idea_rt.jar=59724 -Dfile.encoding=UTF-8 com.example.datn_sd28_2025.DatnSd282025Application

Host: AMD Ryzen 5 7535HS with Radeon Graphics        , 12 cores, 15G,  Windows 11 , 64 bit Build 26100 (10.0.26100.6690)
Time: Sat Dec  6 03:18:05 2025 SE Asia Standard Time elapsed time: 926.541796 seconds (0d 0h 15m 26s)

---------------  T H R E A D  ---------------

Current thread (0x0000023ff1543410):  VMThread "VM Thread" [stack: 0x000000e6e9600000,0x000000e6e9700000] [id=1548]

Stack: [0x000000e6e9600000,0x000000e6e9700000]
Native frames: (J=compiled Java code, j=interpreted, Vv=VM code, C=native code)
V  [jvm.dll+0x67a04a]
V  [jvm.dll+0x7da4ed]
V  [jvm.dll+0x7dbe33]
V  [jvm.dll+0x7dc4a3]
V  [jvm.dll+0x24508f]
V  [jvm.dll+0x677089]
V  [jvm.dll+0x66bd32]
V  [jvm.dll+0x301fa6]
V  [jvm.dll+0x309546]
V  [jvm.dll+0x359d2e]
V  [jvm.dll+0x359f5f]
V  [jvm.dll+0x2d9078]
V  [jvm.dll+0x2d74ad]
V  [jvm.dll+0x2d6afc]
V  [jvm.dll+0x31a65b]
V  [jvm.dll+0x7e0d9b]
V  [jvm.dll+0x7e1ad4]
V  [jvm.dll+0x7e1fed]
V  [jvm.dll+0x7e23c4]
V  [jvm.dll+0x7e2490]
V  [jvm.dll+0x78abea]
V  [jvm.dll+0x678f35]
C  [ucrtbase.dll+0x37b0]
C  [KERNEL32.DLL+0x2e8d7]
C  [ntdll.dll+0x8c53c]

VM_Operation (0x000000e6e90fdb50): G1CollectForAllocation, mode: safepoint, requested by thread 0x0000023ff8bbe720


---------------  P R O C E S S  ---------------

Threads class SMR info:
_java_thread_list=0x0000023ff9092a70, length=37, elements={
0x0000023ff1548560, 0x0000023ff1548f20, 0x0000023ff1673ff0, 0x0000023ff166f3d0,
0x0000023ff166fca0, 0x0000023ff1670570, 0x0000023ff16758d0, 0x0000023ff16761e0,
0x0000023ff16ece20, 0x0000023ff62b9080, 0x0000023ff62c8640, 0x0000023ff65e2d20,
0x0000023ff65e4670, 0x0000023ff65e3230, 0x0000023ff65e1df0, 0x0000023ff65e2810,
0x0000023ff8bb8c00, 0x0000023ff8bbaa60, 0x0000023ff8bb81e0, 0x0000023ff8bbb480,
0x0000023ff8bbc3b0, 0x0000023ff8bbaf70, 0x0000023ff8bb9620, 0x0000023ff8bba040,
0x0000023ff8bbb990, 0x0000023ff8bba550, 0x0000023ff8bbbea0, 0x0000023ff8bb9b30,
0x0000023ff8bbc8c0, 0x0000023ff8bb9110, 0x0000023ff8bbcdd0, 0x0000023ff8bbd2e0,
0x0000023ff8bbd7f0, 0x0000023ff8bbf140, 0x0000023ff8bbec30, 0x0000023ff8bbdd00,
0x0000023ff8bbe720
}

Java Threads: ( => current thread )
  0x0000023ff1548560 JavaThread "Reference Handler" daemon [_thread_blocked, id=9156, stack(0x000000e6e9700000,0x000000e6e9800000)]
  0x0000023ff1548f20 JavaThread "Finalizer" daemon [_thread_blocked, id=5720, stack(0x000000e6e9800000,0x000000e6e9900000)]
  0x0000023ff1673ff0 JavaThread "Signal Dispatcher" daemon [_thread_blocked, id=18888, stack(0x000000e6e9900000,0x000000e6e9a00000)]
  0x0000023ff166f3d0 JavaThread "Attach Listener" daemon [_thread_blocked, id=15696, stack(0x000000e6e9a00000,0x000000e6e9b00000)]
  0x0000023ff166fca0 JavaThread "Service Thread" daemon [_thread_blocked, id=10532, stack(0x000000e6e9b00000,0x000000e6e9c00000)]
  0x0000023ff1670570 JavaThread "Monitor Deflation Thread" daemon [_thread_blocked, id=23332, stack(0x000000e6e9c00000,0x000000e6e9d00000)]
  0x0000023ff16758d0 JavaThread "C1 CompilerThread0" daemon [_thread_blocked, id=23388, stack(0x000000e6e9d00000,0x000000e6e9e00000)]
  0x0000023ff16761e0 JavaThread "Sweeper thread" daemon [_thread_blocked, id=11004, stack(0x000000e6e9e00000,0x000000e6e9f00000)]
  0x0000023ff16ece20 JavaThread "Common-Cleaner" daemon [_thread_blocked, id=24236, stack(0x000000e6e9f00000,0x000000e6ea000000)]
  0x0000023ff62b9080 JavaThread "Monitor Ctrl-Break" daemon [_thread_in_native, id=18380, stack(0x000000e6ea200000,0x000000e6ea300000)]
  0x0000023ff62c8640 JavaThread "Notification Thread" daemon [_thread_blocked, id=23184, stack(0x000000e6ea300000,0x000000e6ea400000)]
  0x0000023ff65e2d20 JavaThread "RMI TCP Accept-0" daemon [_thread_in_native, id=17520, stack(0x000000e6ea500000,0x000000e6ea600000)]
  0x0000023ff65e4670 JavaThread "RMI Scheduler(0)" daemon [_thread_blocked, id=7024, stack(0x000000e6eb000000,0x000000e6eb100000)]
  0x0000023ff65e3230 JavaThread "JMX server connection timeout 20" daemon [_thread_blocked, id=13176, stack(0x000000e6eb100000,0x000000e6eb200000)]
  0x0000023ff65e1df0 JavaThread "mssql-jdbc-shared-timer-core-0" daemon [_thread_blocked, id=24148, stack(0x000000e6eb800000,0x000000e6eb900000)]
  0x0000023ff65e2810 JavaThread "HikariPool-1:housekeeper" daemon [_thread_blocked, id=6600, stack(0x000000e6eb900000,0x000000e6eba00000)]
  0x0000023ff8bb8c00 JavaThread "Catalina-utility-1" [_thread_blocked, id=13908, stack(0x000000e6ebf00000,0x000000e6ec000000)]
  0x0000023ff8bbaa60 JavaThread "Catalina-utility-2" [_thread_blocked, id=5792, stack(0x000000e6ec000000,0x000000e6ec100000)]
  0x0000023ff8bb81e0 JavaThread "container-0" [_thread_blocked, id=2012, stack(0x000000e6ec100000,0x000000e6ec200000)]
  0x0000023ff8bbb480 JavaThread "HttpClient-1-SelectorManager" daemon [_thread_in_native, id=8124, stack(0x000000e6ec500000,0x000000e6ec600000)]
  0x0000023ff8bbc3b0 JavaThread "pool-3-thread-1" [_thread_blocked, id=11224, stack(0x000000e6eba00000,0x000000e6ebb00000)]
  0x0000023ff8bbaf70 JavaThread "MessageBroker-1" [_thread_blocked, id=23784, stack(0x000000e6ec600000,0x000000e6ec700000)]
  0x0000023ff8bb9620 JavaThread "http-nio-8080-exec-1" daemon [_thread_blocked, id=1612, stack(0x000000e6ec700000,0x000000e6ec800000)]
  0x0000023ff8bba040 JavaThread "http-nio-8080-exec-2" daemon [_thread_blocked, id=4168, stack(0x000000e6ec800000,0x000000e6ec900000)]
  0x0000023ff8bbb990 JavaThread "http-nio-8080-exec-3" daemon [_thread_blocked, id=18584, stack(0x000000e6ec900000,0x000000e6eca00000)]
  0x0000023ff8bba550 JavaThread "http-nio-8080-exec-4" daemon [_thread_blocked, id=17884, stack(0x000000e6eca00000,0x000000e6ecb00000)]
  0x0000023ff8bbbea0 JavaThread "http-nio-8080-exec-5" daemon [_thread_blocked, id=23684, stack(0x000000e6ecb00000,0x000000e6ecc00000)]
  0x0000023ff8bb9b30 JavaThread "http-nio-8080-exec-6" daemon [_thread_blocked, id=17584, stack(0x000000e6ecc00000,0x000000e6ecd00000)]
  0x0000023ff8bbc8c0 JavaThread "http-nio-8080-exec-7" daemon [_thread_blocked, id=3908, stack(0x000000e6ecd00000,0x000000e6ece00000)]
  0x0000023ff8bb9110 JavaThread "http-nio-8080-exec-8" daemon [_thread_blocked, id=23152, stack(0x000000e6ece00000,0x000000e6ecf00000)]
  0x0000023ff8bbcdd0 JavaThread "http-nio-8080-exec-9" daemon [_thread_blocked, id=7424, stack(0x000000e6ecf00000,0x000000e6ed000000)]
  0x0000023ff8bbd2e0 JavaThread "http-nio-8080-exec-10" daemon [_thread_blocked, id=24528, stack(0x000000e6ed000000,0x000000e6ed100000)]
  0x0000023ff8bbd7f0 JavaThread "http-nio-8080-Poller" daemon [_thread_blocked, id=13904, stack(0x000000e6ed100000,0x000000e6ed200000)]
  0x0000023ff8bbf140 JavaThread "http-nio-8080-Acceptor" daemon [_thread_in_native, id=22688, stack(0x000000e6ed200000,0x000000e6ed300000)]
  0x0000023ff8bbec30 JavaThread "DestroyJavaVM" [_thread_blocked, id=252, stack(0x000000e6e8f00000,0x000000e6e9000000)]
  0x0000023ff8bbdd00 JavaThread "MessageBroker-2" [_thread_blocked, id=10364, stack(0x000000e6e8e00000,0x000000e6e8f00000)]
  0x0000023ff8bbe720 JavaThread "RMI TCP Connection(4)-26.192.166.206" daemon [_thread_blocked, id=15404, stack(0x000000e6e9000000,0x000000e6e9100000)]

Other Threads:
=>0x0000023ff1543410 VMThread "VM Thread" [stack: 0x000000e6e9600000,0x000000e6e9700000] [id=1548]
  0x0000023fd8f04780 WatcherThread [stack: 0x000000e6ea700000,0x000000e6ea800000] [id=13616]
  0x0000023fd8ecc0c0 GCTaskThread "GC Thread#0" [stack: 0x000000e6e9100000,0x000000e6e9200000] [id=23336]
  0x0000023ff665f7a0 GCTaskThread "GC Thread#1" [stack: 0x000000e6ea600000,0x000000e6ea700000] [id=11312]
  0x0000023ff6422a90 GCTaskThread "GC Thread#2" [stack: 0x000000e6ea800000,0x000000e6ea900000] [id=7016]
  0x0000023ff6423160 GCTaskThread "GC Thread#3" [stack: 0x000000e6ea900000,0x000000e6eaa00000] [id=4796]
  0x0000023ff6423420 GCTaskThread "GC Thread#4" [stack: 0x000000e6eaa00000,0x000000e6eab00000] [id=14668]
  0x0000023ff64222a0 GCTaskThread "GC Thread#5" [stack: 0x000000e6eab00000,0x000000e6eac00000] [id=8452]
  0x0000023ff662f910 GCTaskThread "GC Thread#6" [stack: 0x000000e6eac00000,0x000000e6ead00000] [id=8504]
  0x0000023ff6687ec0 GCTaskThread "GC Thread#7" [stack: 0x000000e6ead00000,0x000000e6eae00000] [id=6492]
  0x0000023ff6688180 GCTaskThread "GC Thread#8" [stack: 0x000000e6eae00000,0x000000e6eaf00000] [id=10444]
  0x0000023ff6abe2b0 GCTaskThread "GC Thread#9" [stack: 0x000000e6eb300000,0x000000e6eb400000] [id=17668]
  0x0000023fd8edd370 ConcurrentGCThread "G1 Main Marker" [stack: 0x000000e6e9200000,0x000000e6e9300000] [id=9140]
  0x0000023fd8edea50 ConcurrentGCThread "G1 Conc#0" [stack: 0x000000e6e9300000,0x000000e6e9400000] [id=19532]
  0x0000023ff712a310 ConcurrentGCThread "G1 Conc#1" [stack: 0x000000e6eb600000,0x000000e6eb700000] [id=23912]
  0x0000023ff712a5d0 ConcurrentGCThread "G1 Conc#2" [stack: 0x000000e6eb700000,0x000000e6eb800000] [id=8056]
  0x0000023ff13dc190 ConcurrentGCThread "G1 Refine#0" [stack: 0x000000e6e9400000,0x000000e6e9500000] [id=22572]
  0x0000023ff7ee30a0 ConcurrentGCThread "G1 Refine#1" [stack: 0x000000e6ebb00000,0x000000e6ebc00000] [id=11852]
  0x0000023ff7ee3390 ConcurrentGCThread "G1 Refine#2" [stack: 0x000000e6ebc00000,0x000000e6ebd00000] [id=16716]
  0x0000023ff7ee3c60 ConcurrentGCThread "G1 Refine#3" [stack: 0x000000e6ebd00000,0x000000e6ebe00000] [id=23408]
  0x0000023ff7ee3f50 ConcurrentGCThread "G1 Refine#4" [stack: 0x000000e6ebe00000,0x000000e6ebf00000] [id=8404]
  0x0000023ff81e5e40 ConcurrentGCThread "G1 Refine#5" [stack: 0x000000e6ea400000,0x000000e6ea500000] [id=21140]
  0x0000023ff81e6130 ConcurrentGCThread "G1 Refine#6" [stack: 0x000000e6ec200000,0x000000e6ec300000] [id=23864]
  0x0000023ff81e5570 ConcurrentGCThread "G1 Refine#7" [stack: 0x000000e6ec300000,0x000000e6ec400000] [id=16052]
  0x0000023ff13dc870 ConcurrentGCThread "G1 Service" [stack: 0x000000e6e9500000,0x000000e6e9600000] [id=2908]

Threads with active compile tasks:

VM state: at safepoint (normal execution)

VM Mutex/Monitor currently owned by a thread:  ([mutex/lock_event])
[0x0000023fd8e5fc80] Threads_lock - owner thread: 0x0000023ff1543410
[0x0000023fd8e606a0] Heap_lock - owner thread: 0x0000023ff8bbe720

Heap address: 0x000000070ca00000, size: 3894 MB, Compressed Oops mode: Zero based, Oop shift amount: 3

CDS archive(s) mapped at: [0x0000023f80000000-0x0000023f80bd0000-0x0000023f80bd0000), size 12386304, SharedBaseAddress: 0x0000023f80000000, ArchiveRelocationMode: 1.
Compressed class space mapped at: 0x0000023f81000000-0x0000023fc1000000, reserved size: 1073741824
Narrow klass base: 0x0000023f80000000, Narrow klass shift: 0, Narrow klass range: 0x100000000

GC Precious Log:
 CPUs: 12 total, 12 available
 Memory: 15571M
 Large Page Support: Disabled
 NUMA Support: Disabled
 Compressed Oops: Enabled (Zero based)
 Heap Region Size: 2M
 Heap Min Capacity: 8M
 Heap Initial Capacity: 244M
 Heap Max Capacity: 3894M
 Pre-touch: Disabled
 Parallel Workers: 10
 Concurrent Workers: 3
 Concurrent Refinement Workers: 10
 Periodic GC: Disabled

Heap:
 garbage-first heap   total 552960K, used 238798K [0x000000070ca00000, 0x0000000800000000)
  region size 2048K, 11 young (22528K), 11 survivors (22528K)
 Metaspace       used 88405K, committed 89216K, reserved 1179648K
  class space    used 12620K, committed 13056K, reserved 1048576K

Heap Regions: E=young(eden), S=young(survivor), O=old, HS=humongous(starts), HC=humongous(continues), CS=collection set, F=free, OA=open archive, CA=closed archive, TAMS=top-at-mark-start (previous, next)
|   0|0x000000070ca00000, 0x000000070cc00000, 0x000000070cc00000|100%| O|  |TAMS 0x000000070cc00000, 0x000000070ca00000| Untracked 
|   1|0x000000070cc00000, 0x000000070ce00000, 0x000000070ce00000|100%| O|  |TAMS 0x000000070ce00000, 0x000000070cc00000| Untracked 
|   2|0x000000070ce00000, 0x000000070d000000, 0x000000070d000000|100%| O|  |TAMS 0x000000070d000000, 0x000000070ce00000| Untracked 
|   3|0x000000070d000000, 0x000000070d200000, 0x000000070d200000|100%| O|  |TAMS 0x000000070d200000, 0x000000070d000000| Untracked 
|   4|0x000000070d200000, 0x000000070d400000, 0x000000070d400000|100%| O|  |TAMS 0x000000070d400000, 0x000000070d200000| Untracked 
|   5|0x000000070d400000, 0x000000070d550800, 0x000000070d600000| 65%| O|  |TAMS 0x000000070d550800, 0x000000070d400000| Untracked 
|   6|0x000000070d600000, 0x000000070d800000, 0x000000070d800000|100%| O|  |TAMS 0x000000070d800000, 0x000000070d600000| Untracked 
|   7|0x000000070d800000, 0x000000070da00000, 0x000000070da00000|100%| O|  |TAMS 0x000000070da00000, 0x000000070d800000| Untracked 
|   8|0x000000070da00000, 0x000000070dc00000, 0x000000070dc00000|100%| O|  |TAMS 0x000000070dc00000, 0x000000070da00000| Untracked 
|   9|0x000000070dc00000, 0x000000070de00000, 0x000000070de00000|100%| O|  |TAMS 0x000000070de00000, 0x000000070dc00000| Untracked 
|  10|0x000000070de00000, 0x000000070e000000, 0x000000070e000000|100%| O|  |TAMS 0x000000070e000000, 0x000000070de00000| Untracked 
|  11|0x000000070e000000, 0x000000070e200000, 0x000000070e200000|100%| O|  |TAMS 0x000000070e200000, 0x000000070e000000| Untracked 
|  12|0x000000070e200000, 0x000000070e400000, 0x000000070e400000|100%| O|  |TAMS 0x000000070e400000, 0x000000070e200000| Untracked 
|  13|0x000000070e400000, 0x000000070e600000, 0x000000070e600000|100%| O|  |TAMS 0x000000070e600000, 0x000000070e400000| Untracked 
|  14|0x000000070e600000, 0x000000070e800000, 0x000000070e800000|100%| O|  |TAMS 0x000000070e800000, 0x000000070e600000| Untracked 
|  15|0x000000070e800000, 0x000000070ea00000, 0x000000070ea00000|100%| O|  |TAMS 0x000000070ea00000, 0x000000070e800000| Untracked 
|  16|0x000000070ea00000, 0x000000070ec00000, 0x000000070ec00000|100%| O|  |TAMS 0x000000070ec00000, 0x000000070ea00000| Untracked 
|  17|0x000000070ec00000, 0x000000070ee00000, 0x000000070ee00000|100%| O|  |TAMS 0x000000070ee00000, 0x000000070ec00000| Untracked 
|  18|0x000000070ee00000, 0x000000070f000000, 0x000000070f000000|100%| O|  |TAMS 0x000000070f000000, 0x000000070ee00000| Untracked 
|  19|0x000000070f000000, 0x000000070f200000, 0x000000070f200000|100%| O|  |TAMS 0x000000070f200000, 0x000000070f000000| Untracked 
|  20|0x000000070f200000, 0x000000070f400000, 0x000000070f400000|100%| O|  |TAMS 0x000000070f400000, 0x000000070f200000| Untracked 
|  21|0x000000070f400000, 0x000000070f600000, 0x000000070f600000|100%| O|  |TAMS 0x000000070f600000, 0x000000070f400000| Untracked 
|  22|0x000000070f600000, 0x000000070f800000, 0x000000070f800000|100%| O|  |TAMS 0x000000070f800000, 0x000000070f600000| Untracked 
|  23|0x000000070f800000, 0x000000070fa00000, 0x000000070fa00000|100%| O|  |TAMS 0x000000070f800000, 0x000000070f800000| Untracked 
|  24|0x000000070fa00000, 0x000000070fc00000, 0x000000070fc00000|100%| O|  |TAMS 0x000000070fa00000, 0x000000070fa00000| Untracked 
|  25|0x000000070fc00000, 0x000000070fe00000, 0x000000070fe00000|100%| O|  |TAMS 0x000000070fc00000, 0x000000070fc00000| Untracked 
|  26|0x000000070fe00000, 0x0000000710000000, 0x0000000710000000|100%| O|  |TAMS 0x0000000710000000, 0x000000070fe00000| Untracked 
|  27|0x0000000710000000, 0x0000000710200000, 0x0000000710200000|100%| O|  |TAMS 0x0000000710200000, 0x0000000710000000| Untracked 
|  28|0x0000000710200000, 0x0000000710400000, 0x0000000710400000|100%|HS|  |TAMS 0x0000000710200000, 0x0000000710200000| Complete 
|  29|0x0000000710400000, 0x0000000710600000, 0x0000000710600000|100%| O|  |TAMS 0x0000000710600000, 0x0000000710400000| Untracked 
|  30|0x0000000710600000, 0x0000000710800000, 0x0000000710800000|100%| O|  |TAMS 0x0000000710800000, 0x0000000710600000| Untracked 
|  31|0x0000000710800000, 0x0000000710a00000, 0x0000000710a00000|100%| O|  |TAMS 0x0000000710a00000, 0x0000000710800000| Untracked 
|  32|0x0000000710a00000, 0x0000000710c00000, 0x0000000710c00000|100%| O|  |TAMS 0x0000000710c00000, 0x0000000710a00000| Untracked 
|  33|0x0000000710c00000, 0x0000000710e00000, 0x0000000710e00000|100%| O|  |TAMS 0x0000000710e00000, 0x0000000710c00000| Untracked 
|  34|0x0000000710e00000, 0x0000000711000000, 0x0000000711000000|100%| O|  |TAMS 0x0000000711000000, 0x0000000710e00000| Untracked 
|  35|0x0000000711000000, 0x0000000711200000, 0x0000000711200000|100%| O|  |TAMS 0x0000000711200000, 0x0000000711000000| Untracked 
|  36|0x0000000711200000, 0x0000000711400000, 0x0000000711400000|100%| O|  |TAMS 0x0000000711200000, 0x0000000711200000| Untracked 
|  37|0x0000000711400000, 0x0000000711600000, 0x0000000711600000|100%| O|  |TAMS 0x0000000711600000, 0x0000000711400000| Untracked 
|  38|0x0000000711600000, 0x0000000711800000, 0x0000000711800000|100%| O|  |TAMS 0x0000000711800000, 0x0000000711600000| Untracked 
|  39|0x0000000711800000, 0x0000000711a00000, 0x0000000711a00000|100%| O|  |TAMS 0x0000000711a00000, 0x0000000711800000| Untracked 
|  40|0x0000000711a00000, 0x0000000711c00000, 0x0000000711c00000|100%| O|  |TAMS 0x0000000711c00000, 0x0000000711a00000| Untracked 
|  41|0x0000000711c00000, 0x0000000711e00000, 0x0000000711e00000|100%| O|  |TAMS 0x0000000711e00000, 0x0000000711c00000| Untracked 
|  42|0x0000000711e00000, 0x0000000712000000, 0x0000000712000000|100%| O|  |TAMS 0x0000000711e00000, 0x0000000711e00000| Untracked 
|  43|0x0000000712000000, 0x0000000712200000, 0x0000000712200000|100%| O|  |TAMS 0x0000000712000000, 0x0000000712000000| Untracked 
|  44|0x0000000712200000, 0x0000000712400000, 0x0000000712400000|100%| O|  |TAMS 0x0000000712200000, 0x0000000712200000| Untracked 
|  45|0x0000000712400000, 0x0000000712600000, 0x0000000712600000|100%| O|  |TAMS 0x0000000712400000, 0x0000000712400000| Untracked 
|  46|0x0000000712600000, 0x0000000712800000, 0x0000000712800000|100%| O|  |TAMS 0x0000000712600000, 0x0000000712600000| Untracked 
|  47|0x0000000712800000, 0x0000000712a00000, 0x0000000712a00000|100%| O|  |TAMS 0x0000000712800000, 0x0000000712800000| Untracked 
|  48|0x0000000712a00000, 0x0000000712c00000, 0x0000000712c00000|100%| O|  |TAMS 0x0000000712a00000, 0x0000000712a00000| Untracked 
|  49|0x0000000712c00000, 0x0000000712e00000, 0x0000000712e00000|100%| O|  |TAMS 0x0000000712c00000, 0x0000000712c00000| Untracked 
|  50|0x0000000712e00000, 0x0000000713000000, 0x0000000713000000|100%| O|  |TAMS 0x0000000712e00000, 0x0000000712e00000| Untracked 
|  51|0x0000000713000000, 0x0000000713200000, 0x0000000713200000|100%| O|  |TAMS 0x0000000713000000, 0x0000000713000000| Untracked 
|  52|0x0000000713200000, 0x0000000713400000, 0x0000000713400000|100%| O|  |TAMS 0x0000000713200000, 0x0000000713200000| Untracked 
|  53|0x0000000713400000, 0x0000000713600000, 0x0000000713600000|100%|HS|  |TAMS 0x0000000713400000, 0x0000000713400000| Complete 
|  54|0x0000000713600000, 0x0000000713800000, 0x0000000713800000|100%| O|  |TAMS 0x0000000713600000, 0x0000000713600000| Untracked 
|  55|0x0000000713800000, 0x0000000713a00000, 0x0000000713a00000|100%| O|  |TAMS 0x0000000713800000, 0x0000000713800000| Untracked 
|  56|0x0000000713a00000, 0x0000000713c00000, 0x0000000713c00000|100%| O|  |TAMS 0x0000000713a00000, 0x0000000713a00000| Untracked 
|  57|0x0000000713c00000, 0x0000000713e00000, 0x0000000713e00000|100%| O|  |TAMS 0x0000000713c00000, 0x0000000713c00000| Untracked 
|  58|0x0000000713e00000, 0x0000000714000000, 0x0000000714000000|100%| O|  |TAMS 0x0000000713e00000, 0x0000000713e00000| Untracked 
|  59|0x0000000714000000, 0x0000000714200000, 0x0000000714200000|100%| O|  |TAMS 0x0000000714000000, 0x0000000714000000| Untracked 
|  60|0x0000000714200000, 0x0000000714400000, 0x0000000714400000|100%| O|  |TAMS 0x0000000714200000, 0x0000000714200000| Untracked 
|  61|0x0000000714400000, 0x0000000714600000, 0x0000000714600000|100%| O|  |TAMS 0x0000000714400000, 0x0000000714400000| Untracked 
|  62|0x0000000714600000, 0x0000000714800000, 0x0000000714800000|100%| O|  |TAMS 0x0000000714600000, 0x0000000714600000| Untracked 
|  63|0x0000000714800000, 0x0000000714a00000, 0x0000000714a00000|100%| O|  |TAMS 0x0000000714800000, 0x0000000714800000| Untracked 
|  64|0x0000000714a00000, 0x0000000714c00000, 0x0000000714c00000|100%| O|  |TAMS 0x0000000714a00000, 0x0000000714a00000| Untracked 
|  65|0x0000000714c00000, 0x0000000714e00000, 0x0000000714e00000|100%| O|  |TAMS 0x0000000714c00000, 0x0000000714c00000| Untracked 
|  66|0x0000000714e00000, 0x0000000715000000, 0x0000000715000000|100%| O|  |TAMS 0x0000000714e00000, 0x0000000714e00000| Untracked 
|  67|0x0000000715000000, 0x0000000715200000, 0x0000000715200000|100%| O|  |TAMS 0x0000000715000000, 0x0000000715000000| Untracked 
|  68|0x0000000715200000, 0x0000000715400000, 0x0000000715400000|100%| O|  |TAMS 0x0000000715200000, 0x0000000715200000| Untracked 
|  69|0x0000000715400000, 0x0000000715600000, 0x0000000715600000|100%| O|  |TAMS 0x0000000715400000, 0x0000000715400000| Untracked 
|  70|0x0000000715600000, 0x0000000715800000, 0x0000000715800000|100%| O|  |TAMS 0x0000000715600000, 0x0000000715600000| Untracked 
|  71|0x0000000715800000, 0x0000000715a00000, 0x0000000715a00000|100%| O|  |TAMS 0x0000000715800000, 0x0000000715800000| Untracked 
|  72|0x0000000715a00000, 0x0000000715c00000, 0x0000000715c00000|100%| O|  |TAMS 0x0000000715a00000, 0x0000000715a00000| Untracked 
|  73|0x0000000715c00000, 0x0000000715e00000, 0x0000000715e00000|100%| O|  |TAMS 0x0000000715c00000, 0x0000000715c00000| Untracked 
|  74|0x0000000715e00000, 0x0000000716000000, 0x0000000716000000|100%| O|  |TAMS 0x0000000715e00000, 0x0000000715e00000| Untracked 
|  75|0x0000000716000000, 0x0000000716200000, 0x0000000716200000|100%| O|  |TAMS 0x0000000716000000, 0x0000000716000000| Untracked 
|  76|0x0000000716200000, 0x0000000716400000, 0x0000000716400000|100%| O|  |TAMS 0x0000000716200000, 0x0000000716200000| Untracked 
|  77|0x0000000716400000, 0x0000000716600000, 0x0000000716600000|100%| O|  |TAMS 0x0000000716400000, 0x0000000716400000| Untracked 
|  78|0x0000000716600000, 0x0000000716800000, 0x0000000716800000|100%| O|  |TAMS 0x0000000716600000, 0x0000000716600000| Untracked 
|  79|0x0000000716800000, 0x0000000716a00000, 0x0000000716a00000|100%| O|  |TAMS 0x0000000716800000, 0x0000000716800000| Untracked 
|  80|0x0000000716a00000, 0x0000000716c00000, 0x0000000716c00000|100%| O|  |TAMS 0x0000000716a00000, 0x0000000716a00000| Untracked 
|  81|0x0000000716c00000, 0x0000000716e00000, 0x0000000716e00000|100%| O|  |TAMS 0x0000000716c00000, 0x0000000716c00000| Untracked 
|  82|0x0000000716e00000, 0x0000000717000000, 0x0000000717000000|100%| O|  |TAMS 0x0000000716e00000, 0x0000000716e00000| Untracked 
|  83|0x0000000717000000, 0x0000000717200000, 0x0000000717200000|100%| O|  |TAMS 0x0000000717000000, 0x0000000717000000| Untracked 
|  84|0x0000000717200000, 0x0000000717400000, 0x0000000717400000|100%| O|  |TAMS 0x0000000717200000, 0x0000000717200000| Untracked 
|  85|0x0000000717400000, 0x0000000717600000, 0x0000000717600000|100%| O|  |TAMS 0x0000000717400000, 0x0000000717400000| Untracked 
|  86|0x0000000717600000, 0x0000000717800000, 0x0000000717800000|100%| O|  |TAMS 0x0000000717600000, 0x0000000717600000| Untracked 
|  87|0x0000000717800000, 0x0000000717a00000, 0x0000000717a00000|100%| O|  |TAMS 0x0000000717800000, 0x0000000717800000| Untracked 
|  88|0x0000000717a00000, 0x0000000717c00000, 0x0000000717c00000|100%| O|  |TAMS 0x0000000717a00000, 0x0000000717a00000| Untracked 
|  89|0x0000000717c00000, 0x0000000717e00000, 0x0000000717e00000|100%| O|  |TAMS 0x0000000717c00000, 0x0000000717c00000| Untracked 
|  90|0x0000000717e00000, 0x0000000718000000, 0x0000000718000000|100%| O|  |TAMS 0x0000000717e00000, 0x0000000717e00000| Untracked 
|  91|0x0000000718000000, 0x0000000718200000, 0x0000000718200000|100%| O|  |TAMS 0x0000000718000000, 0x0000000718000000| Untracked 
|  92|0x0000000718200000, 0x0000000718400000, 0x0000000718400000|100%| O|  |TAMS 0x0000000718200000, 0x0000000718200000| Untracked 
|  93|0x0000000718400000, 0x0000000718600000, 0x0000000718600000|100%| O|  |TAMS 0x0000000718400000, 0x0000000718400000| Untracked 
|  94|0x0000000718600000, 0x0000000718800000, 0x0000000718800000|100%| O|  |TAMS 0x0000000718600000, 0x0000000718600000| Untracked 
|  95|0x0000000718800000, 0x0000000718a00000, 0x0000000718a00000|100%| O|  |TAMS 0x0000000718800000, 0x0000000718800000| Untracked 
|  96|0x0000000718a00000, 0x0000000718c00000, 0x0000000718c00000|100%| O|  |TAMS 0x0000000718a00000, 0x0000000718a00000| Untracked 
|  97|0x0000000718c00000, 0x0000000718e00000, 0x0000000718e00000|100%| O|  |TAMS 0x0000000718c00000, 0x0000000718c00000| Untracked 
|  98|0x0000000718e00000, 0x0000000719000000, 0x0000000719000000|100%| O|  |TAMS 0x0000000718e00000, 0x0000000718e00000| Untracked 
|  99|0x0000000719000000, 0x0000000719200000, 0x0000000719200000|100%| O|  |TAMS 0x0000000719000000, 0x0000000719000000| Untracked 
| 100|0x0000000719200000, 0x0000000719400000, 0x0000000719400000|100%| O|  |TAMS 0x0000000719200000, 0x0000000719200000| Untracked 
| 101|0x0000000719400000, 0x0000000719600000, 0x0000000719600000|100%| O|  |TAMS 0x0000000719400000, 0x0000000719400000| Untracked 
| 102|0x0000000719600000, 0x0000000719800000, 0x0000000719800000|100%| O|  |TAMS 0x0000000719600000, 0x0000000719600000| Untracked 
| 103|0x0000000719800000, 0x0000000719a00000, 0x0000000719a00000|100%| O|  |TAMS 0x0000000719800000, 0x0000000719800000| Untracked 
| 104|0x0000000719a00000, 0x0000000719c00000, 0x0000000719c00000|100%| O|  |TAMS 0x0000000719a00000, 0x0000000719a00000| Untracked 
| 105|0x0000000719c00000, 0x0000000719de3200, 0x0000000719e00000| 94%| O|  |TAMS 0x0000000719c00000, 0x0000000719c00000| Untracked 
| 106|0x0000000719e00000, 0x0000000719e00000, 0x000000071a000000|  0%| F|  |TAMS 0x0000000719e00000, 0x0000000719e00000| Untracked 
| 107|0x000000071a000000, 0x000000071a000000, 0x000000071a200000|  0%| F|  |TAMS 0x000000071a000000, 0x000000071a000000| Untracked 
| 108|0x000000071a200000, 0x000000071a200000, 0x000000071a400000|  0%| F|  |TAMS 0x000000071a200000, 0x000000071a200000| Untracked 
| 109|0x000000071a400000, 0x000000071a400000, 0x000000071a600000|  0%| F|  |TAMS 0x000000071a400000, 0x000000071a400000| Untracked 
| 110|0x000000071a600000, 0x000000071a600000, 0x000000071a800000|  0%| F|  |TAMS 0x000000071a600000, 0x000000071a600000| Untracked 
| 111|0x000000071a800000, 0x000000071a800000, 0x000000071aa00000|  0%| F|  |TAMS 0x000000071a800000, 0x000000071a800000| Untracked 
| 112|0x000000071aa00000, 0x000000071aa00000, 0x000000071ac00000|  0%| F|  |TAMS 0x000000071aa00000, 0x000000071aa00000| Untracked 
| 113|0x000000071ac00000, 0x000000071ac00000, 0x000000071ae00000|  0%| F|  |TAMS 0x000000071ac00000, 0x000000071ac00000| Untracked 
| 114|0x000000071ae00000, 0x000000071ae00000, 0x000000071b000000|  0%| F|  |TAMS 0x000000071ae00000, 0x000000071ae00000| Untracked 
| 115|0x000000071b000000, 0x000000071b000000, 0x000000071b200000|  0%| F|  |TAMS 0x000000071b000000, 0x000000071b000000| Untracked 
| 116|0x000000071b200000, 0x000000071b200000, 0x000000071b400000|  0%| F|  |TAMS 0x000000071b200000, 0x000000071b200000| Untracked 
| 117|0x000000071b400000, 0x000000071b400000, 0x000000071b600000|  0%| F|  |TAMS 0x000000071b400000, 0x000000071b400000| Untracked 
| 118|0x000000071b600000, 0x000000071b600000, 0x000000071b800000|  0%| F|  |TAMS 0x000000071b600000, 0x000000071b600000| Untracked 
| 119|0x000000071b800000, 0x000000071b800000, 0x000000071ba00000|  0%| F|  |TAMS 0x000000071b800000, 0x000000071b800000| Untracked 
| 120|0x000000071ba00000, 0x000000071ba00000, 0x000000071bc00000|  0%| F|  |TAMS 0x000000071ba00000, 0x000000071ba00000| Untracked 
| 121|0x000000071bc00000, 0x000000071bc00000, 0x000000071be00000|  0%| F|  |TAMS 0x000000071bc00000, 0x000000071bc00000| Untracked 
| 122|0x000000071be00000, 0x000000071be00000, 0x000000071c000000|  0%| F|  |TAMS 0x000000071be00000, 0x000000071be00000| Untracked 
| 123|0x000000071c000000, 0x000000071c000000, 0x000000071c200000|  0%| F|  |TAMS 0x000000071c000000, 0x000000071c000000| Untracked 
| 124|0x000000071c200000, 0x000000071c200000, 0x000000071c400000|  0%| F|  |TAMS 0x000000071c200000, 0x000000071c200000| Untracked 
| 125|0x000000071c400000, 0x000000071c400000, 0x000000071c600000|  0%| F|  |TAMS 0x000000071c400000, 0x000000071c400000| Untracked 
| 126|0x000000071c600000, 0x000000071c600000, 0x000000071c800000|  0%| F|  |TAMS 0x000000071c600000, 0x000000071c600000| Untracked 
| 127|0x000000071c800000, 0x000000071c800000, 0x000000071ca00000|  0%| F|  |TAMS 0x000000071c800000, 0x000000071c800000| Untracked 
| 128|0x000000071ca00000, 0x000000071ca00000, 0x000000071cc00000|  0%| F|  |TAMS 0x000000071ca00000, 0x000000071ca00000| Untracked 
| 129|0x000000071cc00000, 0x000000071cc00000, 0x000000071ce00000|  0%| F|  |TAMS 0x000000071cc00000, 0x000000071cc00000| Untracked 
| 130|0x000000071ce00000, 0x000000071ce00000, 0x000000071d000000|  0%| F|  |TAMS 0x000000071ce00000, 0x000000071ce00000| Untracked 
| 131|0x000000071d000000, 0x000000071d000000, 0x000000071d200000|  0%| F|  |TAMS 0x000000071d000000, 0x000000071d000000| Untracked 
| 132|0x000000071d200000, 0x000000071d200000, 0x000000071d400000|  0%| F|  |TAMS 0x000000071d200000, 0x000000071d200000| Untracked 
| 133|0x000000071d400000, 0x000000071d400000, 0x000000071d600000|  0%| F|  |TAMS 0x000000071d400000, 0x000000071d400000| Untracked 
| 134|0x000000071d600000, 0x000000071d600000, 0x000000071d800000|  0%| F|  |TAMS 0x000000071d600000, 0x000000071d600000| Untracked 
| 135|0x000000071d800000, 0x000000071d800000, 0x000000071da00000|  0%| F|  |TAMS 0x000000071d800000, 0x000000071d800000| Untracked 
| 136|0x000000071da00000, 0x000000071da00000, 0x000000071dc00000|  0%| F|  |TAMS 0x000000071da00000, 0x000000071da00000| Untracked 
| 137|0x000000071dc00000, 0x000000071dc00000, 0x000000071de00000|  0%| F|  |TAMS 0x000000071dc00000, 0x000000071dc00000| Untracked 
| 138|0x000000071de00000, 0x000000071de00000, 0x000000071e000000|  0%| F|  |TAMS 0x000000071de00000, 0x000000071de00000| Untracked 
| 139|0x000000071e000000, 0x000000071e000000, 0x000000071e200000|  0%| F|  |TAMS 0x000000071e000000, 0x000000071e000000| Untracked 
| 140|0x000000071e200000, 0x000000071e200000, 0x000000071e400000|  0%| F|  |TAMS 0x000000071e200000, 0x000000071e200000| Untracked 
| 141|0x000000071e400000, 0x000000071e400000, 0x000000071e600000|  0%| F|  |TAMS 0x000000071e400000, 0x000000071e400000| Untracked 
| 142|0x000000071e600000, 0x000000071e600000, 0x000000071e800000|  0%| F|  |TAMS 0x000000071e600000, 0x000000071e600000| Untracked 
| 143|0x000000071e800000, 0x000000071e800000, 0x000000071ea00000|  0%| F|  |TAMS 0x000000071e800000, 0x000000071e800000| Untracked 
| 144|0x000000071ea00000, 0x000000071ea00000, 0x000000071ec00000|  0%| F|  |TAMS 0x000000071ea00000, 0x000000071ea00000| Untracked 
| 145|0x000000071ec00000, 0x000000071ec00000, 0x000000071ee00000|  0%| F|  |TAMS 0x000000071ec00000, 0x000000071ec00000| Untracked 
| 146|0x000000071ee00000, 0x000000071ee00000, 0x000000071f000000|  0%| F|  |TAMS 0x000000071ee00000, 0x000000071ee00000| Untracked 
| 147|0x000000071f000000, 0x000000071f000000, 0x000000071f200000|  0%| F|  |TAMS 0x000000071f000000, 0x000000071f000000| Untracked 
| 148|0x000000071f200000, 0x000000071f200000, 0x000000071f400000|  0%| F|  |TAMS 0x000000071f200000, 0x000000071f200000| Untracked 
| 149|0x000000071f400000, 0x000000071f400000, 0x000000071f600000|  0%| F|  |TAMS 0x000000071f400000, 0x000000071f400000| Untracked 
| 150|0x000000071f600000, 0x000000071f600000, 0x000000071f800000|  0%| F|  |TAMS 0x000000071f600000, 0x000000071f600000| Untracked 
| 151|0x000000071f800000, 0x000000071f800000, 0x000000071fa00000|  0%| F|  |TAMS 0x000000071f800000, 0x000000071f800000| Untracked 
| 152|0x000000071fa00000, 0x000000071fa00000, 0x000000071fc00000|  0%| F|  |TAMS 0x000000071fa00000, 0x000000071fa00000| Untracked 
| 153|0x000000071fc00000, 0x000000071fc00000, 0x000000071fe00000|  0%| F|  |TAMS 0x000000071fc00000, 0x000000071fc00000| Untracked 
| 154|0x000000071fe00000, 0x000000071fe00000, 0x0000000720000000|  0%| F|  |TAMS 0x000000071fe00000, 0x000000071fe00000| Untracked 
| 155|0x0000000720000000, 0x0000000720000000, 0x0000000720200000|  0%| F|  |TAMS 0x0000000720000000, 0x0000000720000000| Untracked 
| 156|0x0000000720200000, 0x0000000720200000, 0x0000000720400000|  0%| F|  |TAMS 0x0000000720200000, 0x0000000720200000| Untracked 
| 157|0x0000000720400000, 0x0000000720600000, 0x0000000720600000|100%| S|CS|TAMS 0x0000000720400000, 0x0000000720400000| Complete 
| 158|0x0000000720600000, 0x0000000720800000, 0x0000000720800000|100%| S|CS|TAMS 0x0000000720600000, 0x0000000720600000| Complete 
| 159|0x0000000720800000, 0x0000000720a00000, 0x0000000720a00000|100%| S|CS|TAMS 0x0000000720800000, 0x0000000720800000| Complete 
| 160|0x0000000720a00000, 0x0000000720c00000, 0x0000000720c00000|100%| S|CS|TAMS 0x0000000720a00000, 0x0000000720a00000| Complete 
| 161|0x0000000720c00000, 0x0000000720e00000, 0x0000000720e00000|100%| S|CS|TAMS 0x0000000720c00000, 0x0000000720c00000| Complete 
| 162|0x0000000720e00000, 0x0000000721000000, 0x0000000721000000|100%| S|CS|TAMS 0x0000000720e00000, 0x0000000720e00000| Complete 
| 163|0x0000000721000000, 0x0000000721200000, 0x0000000721200000|100%| S|CS|TAMS 0x0000000721000000, 0x0000000721000000| Complete 
| 164|0x0000000721200000, 0x0000000721200000, 0x0000000721400000|  0%| F|  |TAMS 0x0000000721200000, 0x0000000721200000| Untracked 
| 165|0x0000000721400000, 0x0000000721400000, 0x0000000721600000|  0%| F|  |TAMS 0x0000000721400000, 0x0000000721400000| Untracked 
| 166|0x0000000721600000, 0x0000000721600000, 0x0000000721800000|  0%| F|  |TAMS 0x0000000721600000, 0x0000000721600000| Untracked 
| 167|0x0000000721800000, 0x0000000721800000, 0x0000000721a00000|  0%| F|  |TAMS 0x0000000721800000, 0x0000000721800000| Untracked 
| 168|0x0000000721a00000, 0x0000000721a00000, 0x0000000721c00000|  0%| F|  |TAMS 0x0000000721a00000, 0x0000000721a00000| Untracked 
| 169|0x0000000721c00000, 0x0000000721c00000, 0x0000000721e00000|  0%| F|  |TAMS 0x0000000721c00000, 0x0000000721c00000| Untracked 
| 170|0x0000000721e00000, 0x0000000721e00000, 0x0000000722000000|  0%| F|  |TAMS 0x0000000721e00000, 0x0000000721e00000| Untracked 
| 171|0x0000000722000000, 0x0000000722000000, 0x0000000722200000|  0%| F|  |TAMS 0x0000000722000000, 0x0000000722000000| Untracked 
| 172|0x0000000722200000, 0x0000000722400000, 0x0000000722400000|100%| S|CS|TAMS 0x0000000722200000, 0x0000000722200000| Complete 
| 173|0x0000000722400000, 0x0000000722600000, 0x0000000722600000|100%| S|CS|TAMS 0x0000000722400000, 0x0000000722400000| Complete 
| 174|0x0000000722600000, 0x0000000722800000, 0x0000000722800000|100%| S|CS|TAMS 0x0000000722600000, 0x0000000722600000| Complete 
| 175|0x0000000722800000, 0x0000000722a00000, 0x0000000722a00000|100%| S|CS|TAMS 0x0000000722800000, 0x0000000722800000| Complete 
| 176|0x0000000722a00000, 0x0000000722a00000, 0x0000000722c00000|  0%| F|  |TAMS 0x0000000722a00000, 0x0000000722a00000| Untracked 
| 177|0x0000000722c00000, 0x0000000722c00000, 0x0000000722e00000|  0%| F|  |TAMS 0x0000000722c00000, 0x0000000722c00000| Untracked 
| 178|0x0000000722e00000, 0x0000000722e00000, 0x0000000723000000|  0%| F|  |TAMS 0x0000000722e00000, 0x0000000722e00000| Untracked 
| 179|0x0000000723000000, 0x0000000723000000, 0x0000000723200000|  0%| F|  |TAMS 0x0000000723000000, 0x0000000723000000| Untracked 
| 180|0x0000000723200000, 0x0000000723200000, 0x0000000723400000|  0%| F|  |TAMS 0x0000000723200000, 0x0000000723200000| Untracked 
| 181|0x0000000723400000, 0x0000000723400000, 0x0000000723600000|  0%| F|  |TAMS 0x0000000723400000, 0x0000000723400000| Untracked 
| 182|0x0000000723600000, 0x0000000723600000, 0x0000000723800000|  0%| F|  |TAMS 0x0000000723600000, 0x0000000723600000| Untracked 
| 183|0x0000000723800000, 0x0000000723800000, 0x0000000723a00000|  0%| F|  |TAMS 0x0000000723800000, 0x0000000723800000| Untracked 
| 184|0x0000000723a00000, 0x0000000723a00000, 0x0000000723c00000|  0%| F|  |TAMS 0x0000000723a00000, 0x0000000723a00000| Untracked 
| 185|0x0000000723c00000, 0x0000000723c00000, 0x0000000723e00000|  0%| F|  |TAMS 0x0000000723c00000, 0x0000000723c00000| Untracked 
| 186|0x0000000723e00000, 0x0000000723e00000, 0x0000000724000000|  0%| F|  |TAMS 0x0000000723e00000, 0x0000000723e00000| Untracked 
| 187|0x0000000724000000, 0x0000000724000000, 0x0000000724200000|  0%| F|  |TAMS 0x0000000724000000, 0x0000000724000000| Untracked 
| 188|0x0000000724200000, 0x0000000724200000, 0x0000000724400000|  0%| F|  |TAMS 0x0000000724200000, 0x0000000724200000| Untracked 
| 189|0x0000000724400000, 0x0000000724400000, 0x0000000724600000|  0%| F|  |TAMS 0x0000000724400000, 0x0000000724400000| Untracked 
| 190|0x0000000724600000, 0x0000000724600000, 0x0000000724800000|  0%| F|  |TAMS 0x0000000724600000, 0x0000000724600000| Untracked 
| 191|0x0000000724800000, 0x0000000724800000, 0x0000000724a00000|  0%| F|  |TAMS 0x0000000724800000, 0x0000000724800000| Untracked 
| 192|0x0000000724a00000, 0x0000000724a00000, 0x0000000724c00000|  0%| F|  |TAMS 0x0000000724a00000, 0x0000000724a00000| Untracked 
| 193|0x0000000724c00000, 0x0000000724c00000, 0x0000000724e00000|  0%| F|  |TAMS 0x0000000724c00000, 0x0000000724c00000| Untracked 
| 194|0x0000000724e00000, 0x0000000724e00000, 0x0000000725000000|  0%| F|  |TAMS 0x0000000724e00000, 0x0000000724e00000| Untracked 
| 195|0x0000000725000000, 0x0000000725000000, 0x0000000725200000|  0%| F|  |TAMS 0x0000000725000000, 0x0000000725000000| Untracked 
| 196|0x0000000725200000, 0x0000000725200000, 0x0000000725400000|  0%| F|  |TAMS 0x0000000725200000, 0x0000000725200000| Untracked 
| 197|0x0000000725400000, 0x0000000725400000, 0x0000000725600000|  0%| F|  |TAMS 0x0000000725400000, 0x0000000725400000| Untracked 
| 198|0x0000000725600000, 0x0000000725600000, 0x0000000725800000|  0%| F|  |TAMS 0x0000000725600000, 0x0000000725600000| Untracked 
| 199|0x0000000725800000, 0x0000000725800000, 0x0000000725a00000|  0%| F|  |TAMS 0x0000000725800000, 0x0000000725800000| Untracked 
| 200|0x0000000725a00000, 0x0000000725a00000, 0x0000000725c00000|  0%| F|  |TAMS 0x0000000725a00000, 0x0000000725a00000| Untracked 
| 201|0x0000000725c00000, 0x0000000725c00000, 0x0000000725e00000|  0%| F|  |TAMS 0x0000000725c00000, 0x0000000725c00000| Untracked 
| 202|0x0000000725e00000, 0x0000000725e00000, 0x0000000726000000|  0%| F|  |TAMS 0x0000000725e00000, 0x0000000725e00000| Untracked 
| 203|0x0000000726000000, 0x0000000726000000, 0x0000000726200000|  0%| F|  |TAMS 0x0000000726000000, 0x0000000726000000| Untracked 
| 204|0x0000000726200000, 0x0000000726200000, 0x0000000726400000|  0%| F|  |TAMS 0x0000000726200000, 0x0000000726200000| Untracked 
| 205|0x0000000726400000, 0x0000000726400000, 0x0000000726600000|  0%| F|  |TAMS 0x0000000726400000, 0x0000000726400000| Untracked 
| 206|0x0000000726600000, 0x0000000726600000, 0x0000000726800000|  0%| F|  |TAMS 0x0000000726600000, 0x0000000726600000| Untracked 
| 207|0x0000000726800000, 0x0000000726800000, 0x0000000726a00000|  0%| F|  |TAMS 0x0000000726800000, 0x0000000726800000| Untracked 
| 208|0x0000000726a00000, 0x0000000726a00000, 0x0000000726c00000|  0%| F|  |TAMS 0x0000000726a00000, 0x0000000726a00000| Untracked 
| 209|0x0000000726c00000, 0x0000000726c00000, 0x0000000726e00000|  0%| F|  |TAMS 0x0000000726c00000, 0x0000000726c00000| Untracked 
| 210|0x0000000726e00000, 0x0000000726e00000, 0x0000000727000000|  0%| F|  |TAMS 0x0000000726e00000, 0x0000000726e00000| Untracked 
| 211|0x0000000727000000, 0x0000000727000000, 0x0000000727200000|  0%| F|  |TAMS 0x0000000727000000, 0x0000000727000000| Untracked 
| 212|0x0000000727200000, 0x0000000727200000, 0x0000000727400000|  0%| F|  |TAMS 0x0000000727200000, 0x0000000727200000| Untracked 
| 213|0x0000000727400000, 0x0000000727400000, 0x0000000727600000|  0%| F|  |TAMS 0x0000000727400000, 0x0000000727400000| Untracked 
| 214|0x0000000727600000, 0x0000000727600000, 0x0000000727800000|  0%| F|  |TAMS 0x0000000727600000, 0x0000000727600000| Untracked 
| 215|0x0000000727800000, 0x0000000727800000, 0x0000000727a00000|  0%| F|  |TAMS 0x0000000727800000, 0x0000000727800000| Untracked 
| 216|0x0000000727a00000, 0x0000000727a00000, 0x0000000727c00000|  0%| F|  |TAMS 0x0000000727a00000, 0x0000000727a00000| Untracked 
| 217|0x0000000727c00000, 0x0000000727c00000, 0x0000000727e00000|  0%| F|  |TAMS 0x0000000727c00000, 0x0000000727c00000| Untracked 
| 218|0x0000000727e00000, 0x0000000727e00000, 0x0000000728000000|  0%| F|  |TAMS 0x0000000727e00000, 0x0000000727e00000| Untracked 
| 219|0x0000000728000000, 0x0000000728000000, 0x0000000728200000|  0%| F|  |TAMS 0x0000000728000000, 0x0000000728000000| Untracked 
| 220|0x0000000728200000, 0x0000000728200000, 0x0000000728400000|  0%| F|  |TAMS 0x0000000728200000, 0x0000000728200000| Untracked 
| 221|0x0000000728400000, 0x0000000728400000, 0x0000000728600000|  0%| F|  |TAMS 0x0000000728400000, 0x0000000728400000| Untracked 
| 222|0x0000000728600000, 0x0000000728600000, 0x0000000728800000|  0%| F|  |TAMS 0x0000000728600000, 0x0000000728600000| Untracked 
| 223|0x0000000728800000, 0x0000000728800000, 0x0000000728a00000|  0%| F|  |TAMS 0x0000000728800000, 0x0000000728800000| Untracked 
| 224|0x0000000728a00000, 0x0000000728a00000, 0x0000000728c00000|  0%| F|  |TAMS 0x0000000728a00000, 0x0000000728a00000| Untracked 
| 225|0x0000000728c00000, 0x0000000728c00000, 0x0000000728e00000|  0%| F|  |TAMS 0x0000000728c00000, 0x0000000728c00000| Untracked 
| 226|0x0000000728e00000, 0x0000000728e00000, 0x0000000729000000|  0%| F|  |TAMS 0x0000000728e00000, 0x0000000728e00000| Untracked 
| 227|0x0000000729000000, 0x0000000729000000, 0x0000000729200000|  0%| F|  |TAMS 0x0000000729000000, 0x0000000729000000| Untracked 
| 228|0x0000000729200000, 0x0000000729200000, 0x0000000729400000|  0%| F|  |TAMS 0x0000000729200000, 0x0000000729200000| Untracked 
| 229|0x0000000729400000, 0x0000000729400000, 0x0000000729600000|  0%| F|  |TAMS 0x0000000729400000, 0x0000000729400000| Untracked 
| 230|0x0000000729600000, 0x0000000729600000, 0x0000000729800000|  0%| F|  |TAMS 0x0000000729600000, 0x0000000729600000| Untracked 
| 231|0x0000000729800000, 0x0000000729800000, 0x0000000729a00000|  0%| F|  |TAMS 0x0000000729800000, 0x0000000729800000| Untracked 
| 232|0x0000000729a00000, 0x0000000729a00000, 0x0000000729c00000|  0%| F|  |TAMS 0x0000000729a00000, 0x0000000729a00000| Untracked 
| 233|0x0000000729c00000, 0x0000000729c00000, 0x0000000729e00000|  0%| F|  |TAMS 0x0000000729c00000, 0x0000000729c00000| Untracked 
| 234|0x0000000729e00000, 0x0000000729e00000, 0x000000072a000000|  0%| F|  |TAMS 0x0000000729e00000, 0x0000000729e00000| Untracked 
| 235|0x000000072a000000, 0x000000072a000000, 0x000000072a200000|  0%| F|  |TAMS 0x000000072a000000, 0x000000072a000000| Untracked 
| 236|0x000000072a200000, 0x000000072a200000, 0x000000072a400000|  0%| F|  |TAMS 0x000000072a200000, 0x000000072a200000| Untracked 
| 237|0x000000072a400000, 0x000000072a400000, 0x000000072a600000|  0%| F|  |TAMS 0x000000072a400000, 0x000000072a400000| Untracked 
| 238|0x000000072a600000, 0x000000072a600000, 0x000000072a800000|  0%| F|  |TAMS 0x000000072a600000, 0x000000072a600000| Untracked 
| 239|0x000000072a800000, 0x000000072a800000, 0x000000072aa00000|  0%| F|  |TAMS 0x000000072a800000, 0x000000072a800000| Untracked 
| 240|0x000000072aa00000, 0x000000072aa00000, 0x000000072ac00000|  0%| F|  |TAMS 0x000000072aa00000, 0x000000072aa00000| Untracked 
| 241|0x000000072ac00000, 0x000000072ac00000, 0x000000072ae00000|  0%| F|  |TAMS 0x000000072ac00000, 0x000000072ac00000| Untracked 
| 242|0x000000072ae00000, 0x000000072ae00000, 0x000000072b000000|  0%| F|  |TAMS 0x000000072ae00000, 0x000000072ae00000| Untracked 
| 243|0x000000072b000000, 0x000000072b000000, 0x000000072b200000|  0%| F|  |TAMS 0x000000072b000000, 0x000000072b000000| Untracked 
| 244|0x000000072b200000, 0x000000072b200000, 0x000000072b400000|  0%| F|  |TAMS 0x000000072b200000, 0x000000072b200000| Untracked 
| 245|0x000000072b400000, 0x000000072b400000, 0x000000072b600000|  0%| F|  |TAMS 0x000000072b400000, 0x000000072b400000| Untracked 
| 246|0x000000072b600000, 0x000000072b600000, 0x000000072b800000|  0%| F|  |TAMS 0x000000072b600000, 0x000000072b600000| Untracked 
| 247|0x000000072b800000, 0x000000072b800000, 0x000000072ba00000|  0%| F|  |TAMS 0x000000072b800000, 0x000000072b800000| Untracked 
| 248|0x000000072ba00000, 0x000000072ba00000, 0x000000072bc00000|  0%| F|  |TAMS 0x000000072ba00000, 0x000000072ba00000| Untracked 
| 249|0x000000072bc00000, 0x000000072bc00000, 0x000000072be00000|  0%| F|  |TAMS 0x000000072bc00000, 0x000000072bc00000| Untracked 
| 250|0x000000072be00000, 0x000000072be00000, 0x000000072c000000|  0%| F|  |TAMS 0x000000072be00000, 0x000000072be00000| Untracked 
| 251|0x000000072c000000, 0x000000072c000000, 0x000000072c200000|  0%| F|  |TAMS 0x000000072c000000, 0x000000072c000000| Untracked 
| 252|0x000000072c200000, 0x000000072c200000, 0x000000072c400000|  0%| F|  |TAMS 0x000000072c200000, 0x000000072c200000| Untracked 
| 253|0x000000072c400000, 0x000000072c400000, 0x000000072c600000|  0%| F|  |TAMS 0x000000072c400000, 0x000000072c400000| Untracked 
| 254|0x000000072c600000, 0x000000072c600000, 0x000000072c800000|  0%| F|  |TAMS 0x000000072c600000, 0x000000072c600000| Untracked 
| 255|0x000000072c800000, 0x000000072c800000, 0x000000072ca00000|  0%| F|  |TAMS 0x000000072c800000, 0x000000072c800000| Untracked 
| 256|0x000000072ca00000, 0x000000072ca00000, 0x000000072cc00000|  0%| F|  |TAMS 0x000000072ca00000, 0x000000072ca00000| Untracked 
| 257|0x000000072cc00000, 0x000000072cc00000, 0x000000072ce00000|  0%| F|  |TAMS 0x000000072cc00000, 0x000000072cc00000| Untracked 
| 258|0x000000072ce00000, 0x000000072ce00000, 0x000000072d000000|  0%| F|  |TAMS 0x000000072ce00000, 0x000000072ce00000| Untracked 
| 259|0x000000072d000000, 0x000000072d000000, 0x000000072d200000|  0%| F|  |TAMS 0x000000072d000000, 0x000000072d000000| Untracked 
| 260|0x000000072d200000, 0x000000072d200000, 0x000000072d400000|  0%| F|  |TAMS 0x000000072d200000, 0x000000072d200000| Untracked 
| 261|0x000000072d400000, 0x000000072d400000, 0x000000072d600000|  0%| F|  |TAMS 0x000000072d400000, 0x000000072d400000| Untracked 
| 262|0x000000072d600000, 0x000000072d600000, 0x000000072d800000|  0%| F|  |TAMS 0x000000072d600000, 0x000000072d600000| Untracked 
| 263|0x000000072d800000, 0x000000072d800000, 0x000000072da00000|  0%| F|  |TAMS 0x000000072d800000, 0x000000072d800000| Untracked 
| 264|0x000000072da00000, 0x000000072da00000, 0x000000072dc00000|  0%| F|  |TAMS 0x000000072da00000, 0x000000072da00000| Untracked 
| 265|0x000000072dc00000, 0x000000072dc00000, 0x000000072de00000|  0%| F|  |TAMS 0x000000072dc00000, 0x000000072dc00000| Untracked 
| 266|0x000000072de00000, 0x000000072de00000, 0x000000072e000000|  0%| F|  |TAMS 0x000000072de00000, 0x000000072de00000| Untracked 
| 267|0x000000072e000000, 0x000000072e000000, 0x000000072e200000|  0%| F|  |TAMS 0x000000072e000000, 0x000000072e000000| Untracked 
| 268|0x000000072e200000, 0x000000072e200000, 0x000000072e400000|  0%| F|  |TAMS 0x000000072e200000, 0x000000072e200000| Untracked 
| 269|0x000000072e400000, 0x000000072e400000, 0x000000072e600000|  0%| F|  |TAMS 0x000000072e400000, 0x000000072e400000| Untracked 

Card table byte_map: [0x0000023fe5f10000,0x0000023fe66b0000] _byte_map_base: 0x0000023fe26ab000

Marking Bits (Prev, Next): (CMBitMap*) 0x0000023fd8ecd6f0, (CMBitMap*) 0x0000023fd8ecd730
 Prev Bits: [0x0000023fe6e50000, 0x0000023feab28000)
 Next Bits: [0x0000023feab30000, 0x0000023fee808000)

Polling page: 0x0000023fd8940000

Metaspace:

Usage:
  Non-class:     74.01 MB used.
      Class:     12.33 MB used.
       Both:     86.33 MB used.

Virtual space:
  Non-class space:      128.00 MB reserved,      74.38 MB ( 58%) committed,  2 nodes.
      Class space:        1.00 GB reserved,      12.75 MB (  1%) committed,  1 nodes.
             Both:        1.12 GB reserved,      87.12 MB (  8%) committed. 

Chunk freelists:
   Non-Class:  5.45 MB
       Class:  3.11 MB
        Both:  8.55 MB

MaxMetaspaceSize: unlimited
CompressedClassSpaceSize: 1.00 GB
Initial GC threshold: 21.00 MB
Current GC threshold: 119.31 MB
CDS: on
MetaspaceReclaimPolicy: balanced
 - commit_granule_bytes: 65536.
 - commit_granule_words: 8192.
 - virtual_space_node_default_size: 8388608.
 - enlarge_chunks_in_place: 1.
 - new_chunks_are_fully_committed: 0.
 - uncommit_free_chunks: 1.
 - use_allocation_guard: 0.
 - handle_deallocations: 1.


Internal statistics:

num_allocs_failed_limit: 9.
num_arena_births: 1270.
num_arena_deaths: 0.
num_vsnodes_births: 3.
num_vsnodes_deaths: 0.
num_space_committed: 1394.
num_space_uncommitted: 0.
num_chunks_returned_to_freelist: 9.
num_chunks_taken_from_freelist: 4629.
num_chunk_merges: 9.
num_chunk_splits: 3276.
num_chunks_enlarged: 2430.
num_inconsistent_stats: 0.

CodeCache: size=49152Kb used=19486Kb max_used=21122Kb free=29665Kb
 bounds [0x0000023fe1cd0000, 0x0000023fe3180000, 0x0000023fe4cd0000]
 total_blobs=12274 nmethods=11535 adapters=665
 compilation: enabled
              stopped_count=0, restarted_count=0
 full_count=0

Compilation events (20 events):
Event: 814.184 Thread 0x0000023ff16758d0 11722   !   1       java.net.Socket::isClosed (19 bytes)
Event: 814.185 Thread 0x0000023ff16758d0 nmethod 11722 0x0000023fe1e77210 code [0x0000023fe1e773a0, 0x0000023fe1e77538]
Event: 814.185 Thread 0x0000023ff16758d0 11723       1       com.microsoft.sqlserver.jdbc.TDSParser::parse (507 bytes)
Event: 814.192 Thread 0x0000023ff16758d0 nmethod 11723 0x0000023fe1e75990 code [0x0000023fe1e75ce0, 0x0000023fe1e769c8]
Event: 814.192 Thread 0x0000023ff16758d0 11724       1       java.util.logging.Logger::exiting (13 bytes)
Event: 814.192 Thread 0x0000023ff16758d0 nmethod 11724 0x0000023fe1e75610 code [0x0000023fe1e757a0, 0x0000023fe1e758a8]
Event: 824.613 Thread 0x0000023ff16758d0 11725       1       com.microsoft.sqlserver.jdbc.TDSChannel::getSPID (5 bytes)
Event: 824.613 Thread 0x0000023ff16758d0 nmethod 11725 0x0000023fe1e75310 code [0x0000023fe1e754a0, 0x0000023fe1e75578]
Event: 831.213 Thread 0x0000023ff16758d0 11726   !   1       org.apache.catalina.core.StandardContext::getLoader (38 bytes)
Event: 831.214 Thread 0x0000023ff16758d0 nmethod 11726 0x0000023fe1e74b90 code [0x0000023fe1e74d80, 0x0000023fe1e75098]
Event: 905.499 Thread 0x0000023ff16758d0 11727       1       sun.nio.ch.NioSocketImpl::ensureOpen (35 bytes)
Event: 905.505 Thread 0x0000023ff16758d0 nmethod 11727 0x0000023fe1e74690 code [0x0000023fe1e74840, 0x0000023fe1e74a78]
Event: 905.505 Thread 0x0000023ff16758d0 11728       1       com.microsoft.sqlserver.jdbc.SQLServerStatement::checkClosed (30 bytes)
Event: 905.507 Thread 0x0000023ff16758d0 nmethod 11728 0x0000023fe1e74110 code [0x0000023fe1e742e0, 0x0000023fe1e744f8]
Event: 907.228 Thread 0x0000023ff16758d0 11729       1       com.microsoft.sqlserver.jdbc.TDSChannel::getWriter (5 bytes)
Event: 907.229 Thread 0x0000023ff16758d0 nmethod 11729 0x0000023fe1e73e10 code [0x0000023fe1e73fa0, 0x0000023fe1e74078]
Event: 914.836 Thread 0x0000023ff16758d0 11730       1       java.io.ObjectInputStream$BlockDataInputStream::readFully (42 bytes)
Event: 914.838 Thread 0x0000023ff16758d0 nmethod 11730 0x0000023fe1e73990 code [0x0000023fe1e73b40, 0x0000023fe1e73d18]
Event: 915.013 Thread 0x0000023ff16758d0 11731       1       com.microsoft.sqlserver.jdbc.ColumnEncryptionSetting::toString (5 bytes)
Event: 915.014 Thread 0x0000023ff16758d0 nmethod 11731 0x0000023fe1e73690 code [0x0000023fe1e73820, 0x0000023fe1e738f8]

GC Heap History (20 events):
Event: 9.887 GC heap after
{Heap after GC invocations=24 (full 0):
 garbage-first heap   total 159744K, used 75956K [0x000000070ca00000, 0x0000000800000000)
  region size 2048K, 4 young (8192K), 4 survivors (8192K)
 Metaspace       used 72528K, committed 73216K, reserved 1114112K
  class space    used 10491K, committed 10816K, reserved 1048576K
}
Event: 9.943 GC heap before
{Heap before GC invocations=24 (full 0):
 garbage-first heap   total 159744K, used 116916K [0x000000070ca00000, 0x0000000800000000)
  region size 2048K, 24 young (49152K), 4 survivors (8192K)
 Metaspace       used 72529K, committed 73216K, reserved 1114112K
  class space    used 10491K, committed 10816K, reserved 1048576K
}
Event: 9.960 GC heap after
{Heap after GC invocations=25 (full 0):
 garbage-first heap   total 159744K, used 91458K [0x000000070ca00000, 0x0000000800000000)
  region size 2048K, 3 young (6144K), 3 survivors (6144K)
 Metaspace       used 72529K, committed 73216K, reserved 1114112K
  class space    used 10491K, committed 10816K, reserved 1048576K
}
Event: 10.007 GC heap before
{Heap before GC invocations=25 (full 0):
 garbage-first heap   total 159744K, used 118082K [0x000000070ca00000, 0x0000000800000000)
  region size 2048K, 16 young (32768K), 3 survivors (6144K)
 Metaspace       used 72594K, committed 73280K, reserved 1114112K
  class space    used 10506K, committed 10816K, reserved 1048576K
}
Event: 10.015 GC heap after
{Heap after GC invocations=26 (full 0):
 garbage-first heap   total 159744K, used 96837K [0x000000070ca00000, 0x0000000800000000)
  region size 2048K, 2 young (4096K), 2 survivors (4096K)
 Metaspace       used 72594K, committed 73280K, reserved 1114112K
  class space    used 10506K, committed 10816K, reserved 1048576K
}
Event: 10.070 GC heap before
{Heap before GC invocations=27 (full 0):
 garbage-first heap   total 184320K, used 115269K [0x000000070ca00000, 0x0000000800000000)
  region size 2048K, 14 young (28672K), 2 survivors (4096K)
 Metaspace       used 72596K, committed 73280K, reserved 1114112K
  class space    used 10507K, committed 10816K, reserved 1048576K
}
Event: 10.073 GC heap after
{Heap after GC invocations=28 (full 0):
 garbage-first heap   total 184320K, used 92076K [0x000000070ca00000, 0x0000000800000000)
  region size 2048K, 2 young (4096K), 2 survivors (4096K)
 Metaspace       used 72596K, committed 73280K, reserved 1114112K
  class space    used 10507K, committed 10816K, reserved 1048576K
}
Event: 10.078 GC heap before
{Heap before GC invocations=28 (full 0):
 garbage-first heap   total 184320K, used 96172K [0x000000070ca00000, 0x0000000800000000)
  region size 2048K, 4 young (8192K), 2 survivors (4096K)
 Metaspace       used 72596K, committed 73280K, reserved 1114112K
  class space    used 10507K, committed 10816K, reserved 1048576K
}
Event: 10.082 GC heap after
{Heap after GC invocations=29 (full 0):
 garbage-first heap   total 552960K, used 90100K [0x000000070ca00000, 0x0000000800000000)
  region size 2048K, 1 young (2048K), 1 survivors (2048K)
 Metaspace       used 72596K, committed 73280K, reserved 1114112K
  class space    used 10507K, committed 10816K, reserved 1048576K
}
Event: 10.627 GC heap before
{Heap before GC invocations=29 (full 0):
 garbage-first heap   total 552960K, used 327668K [0x000000070ca00000, 0x0000000800000000)
  region size 2048K, 117 young (239616K), 1 survivors (2048K)
 Metaspace       used 73504K, committed 74176K, reserved 1114112K
  class space    used 10683K, committed 11008K, reserved 1048576K
}
Event: 10.630 GC heap after
{Heap after GC invocations=30 (full 0):
 garbage-first heap   total 552960K, used 93201K [0x000000070ca00000, 0x0000000800000000)
  region size 2048K, 3 young (6144K), 3 survivors (6144K)
 Metaspace       used 73504K, committed 74176K, reserved 1114112K
  class space    used 10683K, committed 11008K, reserved 1048576K
}
Event: 11.519 GC heap before
{Heap before GC invocations=30 (full 0):
 garbage-first heap   total 552960K, used 418833K [0x000000070ca00000, 0x0000000800000000)
  region size 2048K, 162 young (331776K), 3 survivors (6144K)
 Metaspace       used 75066K, committed 75776K, reserved 1114112K
  class space    used 10916K, committed 11264K, reserved 1048576K
}
Event: 11.526 GC heap after
{Heap after GC invocations=31 (full 0):
 garbage-first heap   total 552960K, used 101044K [0x000000070ca00000, 0x0000000800000000)
  region size 2048K, 7 young (14336K), 7 survivors (14336K)
 Metaspace       used 75066K, committed 75776K, reserved 1114112K
  class space    used 10916K, committed 11264K, reserved 1048576K
}
Event: 12.178 GC heap before
{Heap before GC invocations=31 (full 0):
 garbage-first heap   total 552960K, used 420532K [0x000000070ca00000, 0x0000000800000000)
  region size 2048K, 162 young (331776K), 7 survivors (14336K)
 Metaspace       used 75068K, committed 75776K, reserved 1114112K
  class space    used 10916K, committed 11264K, reserved 1048576K
}
Event: 12.200 GC heap after
{Heap after GC invocations=32 (full 0):
 garbage-first heap   total 552960K, used 149196K [0x000000070ca00000, 0x0000000800000000)
  region size 2048K, 21 young (43008K), 21 survivors (43008K)
 Metaspace       used 75068K, committed 75776K, reserved 1114112K
  class space    used 10916K, committed 11264K, reserved 1048576K
}
Event: 12.722 GC heap before
{Heap before GC invocations=32 (full 0):
 garbage-first heap   total 552960K, used 425676K [0x000000070ca00000, 0x0000000800000000)
  region size 2048K, 155 young (317440K), 21 survivors (43008K)
 Metaspace       used 75089K, committed 75776K, reserved 1114112K
  class space    used 10920K, committed 11264K, reserved 1048576K
}
Event: 12.757 GC heap after
{Heap after GC invocations=33 (full 0):
 garbage-first heap   total 552960K, used 210942K [0x000000070ca00000, 0x0000000800000000)
  region size 2048K, 20 young (40960K), 20 survivors (40960K)
 Metaspace       used 75089K, committed 75776K, reserved 1114112K
  class space    used 10920K, committed 11264K, reserved 1048576K
}
Event: 13.457 GC heap before
{Heap before GC invocations=33 (full 0):
 garbage-first heap   total 552960K, used 411646K [0x000000070ca00000, 0x0000000800000000)
  region size 2048K, 118 young (241664K), 20 survivors (40960K)
 Metaspace       used 77392K, committed 78144K, reserved 1179648K
  class space    used 11143K, committed 11520K, reserved 1048576K
}
Event: 13.473 GC heap after
{Heap after GC invocations=34 (full 0):
 garbage-first heap   total 552960K, used 231386K [0x000000070ca00000, 0x0000000800000000)
  region size 2048K, 8 young (16384K), 8 survivors (16384K)
 Metaspace       used 77392K, committed 78144K, reserved 1179648K
  class space    used 11143K, committed 11520K, reserved 1048576K
}
Event: 926.232 GC heap before
{Heap before GC invocations=34 (full 0):
 garbage-first heap   total 552960K, used 421850K [0x000000070ca00000, 0x0000000800000000)
  region size 2048K, 102 young (208896K), 8 survivors (16384K)
 Metaspace       used 88405K, committed 89216K, reserved 1179648K
  class space    used 12620K, committed 13056K, reserved 1048576K
}

Deoptimization events (2 events):
Event: 8.453 Thread 0x0000023fd8e64c60 DEOPT PACKING pc=0x0000023fe29f43f4 sp=0x000000e6e8ff9110
Event: 8.453 Thread 0x0000023fd8e64c60 DEOPT UNPACKING pc=0x0000023fe1d22b43 sp=0x000000e6e8ff85a8 mode 0

Classes unloaded (0 events):
No events

Classes redefined (0 events):
No events

Internal exceptions (20 events):
Event: 407.629 Thread 0x0000023ff65e2810 Exception <a 'java/io/FileNotFoundException'{0x000000072406f3a8}> (0x000000072406f3a8) 
thrown [s\open\src\hotspot\share\prims\jni.cpp, line 516]
Event: 407.629 Thread 0x0000023ff65e2810 Exception <a 'java/io/FileNotFoundException'{0x00000007240705f8}> (0x00000007240705f8) 
thrown [s\open\src\hotspot\share\prims\jni.cpp, line 516]
Event: 456.413 Thread 0x0000023ff65e2810 Exception <a 'java/io/FileNotFoundException'{0x0000000724077410}> (0x0000000724077410) 
thrown [s\open\src\hotspot\share\prims\jni.cpp, line 516]
Event: 456.413 Thread 0x0000023ff65e2810 Exception <a 'java/io/FileNotFoundException'{0x0000000724078660}> (0x0000000724078660) 
thrown [s\open\src\hotspot\share\prims\jni.cpp, line 516]
Event: 507.540 Thread 0x0000023ff65e2810 Exception <a 'java/io/FileNotFoundException'{0x0000000724082358}> (0x0000000724082358) 
thrown [s\open\src\hotspot\share\prims\jni.cpp, line 516]
Event: 507.540 Thread 0x0000023ff65e2810 Exception <a 'java/io/FileNotFoundException'{0x00000007240835a8}> (0x00000007240835a8) 
thrown [s\open\src\hotspot\share\prims\jni.cpp, line 516]
Event: 568.672 Thread 0x0000023ff65e2810 Exception <a 'java/io/FileNotFoundException'{0x00000007232a4410}> (0x00000007232a4410) 
thrown [s\open\src\hotspot\share\prims\jni.cpp, line 516]
Event: 568.673 Thread 0x0000023ff65e2810 Exception <a 'java/io/FileNotFoundException'{0x00000007232a5660}> (0x00000007232a5660) 
thrown [s\open\src\hotspot\share\prims\jni.cpp, line 516]
Event: 607.455 Thread 0x0000023ff65e2810 Exception <a 'java/io/FileNotFoundException'{0x00000007232af160}> (0x00000007232af160) 
thrown [s\open\src\hotspot\share\prims\jni.cpp, line 516]
Event: 607.455 Thread 0x0000023ff65e2810 Exception <a 'java/io/FileNotFoundException'{0x00000007232b03b0}> (0x00000007232b03b0) 
thrown [s\open\src\hotspot\share\prims\jni.cpp, line 516]
Event: 680.945 Thread 0x0000023ff65e2810 Exception <a 'java/io/FileNotFoundException'{0x00000007232b75b8}> (0x00000007232b75b8) 
thrown [s\open\src\hotspot\share\prims\jni.cpp, line 516]
Event: 680.945 Thread 0x0000023ff65e2810 Exception <a 'java/io/FileNotFoundException'{0x00000007232b8808}> (0x00000007232b8808) 
thrown [s\open\src\hotspot\share\prims\jni.cpp, line 516]
Event: 713.349 Thread 0x0000023ff65e2810 Exception <a 'java/io/FileNotFoundException'{0x00000007232c2308}> (0x00000007232c2308) 
thrown [s\open\src\hotspot\share\prims\jni.cpp, line 516]
Event: 713.349 Thread 0x0000023ff65e2810 Exception <a 'java/io/FileNotFoundException'{0x00000007232c3558}> (0x00000007232c3558) 
thrown [s\open\src\hotspot\share\prims\jni.cpp, line 516]
Event: 793.216 Thread 0x0000023ff65e2810 Exception <a 'java/io/FileNotFoundException'{0x00000007232ca760}> (0x00000007232ca760) 
thrown [s\open\src\hotspot\share\prims\jni.cpp, line 516]
Event: 793.216 Thread 0x0000023ff65e2810 Exception <a 'java/io/FileNotFoundException'{0x00000007232cb9b0}> (0x00000007232cb9b0) 
thrown [s\open\src\hotspot\share\prims\jni.cpp, line 516]
Event: 824.597 Thread 0x0000023ff65e2810 Exception <a 'java/io/FileNotFoundException'{0x00000007232d54b0}> (0x00000007232d54b0) 
thrown [s\open\src\hotspot\share\prims\jni.cpp, line 516]
Event: 824.597 Thread 0x0000023ff65e2810 Exception <a 'java/io/FileNotFoundException'{0x00000007232d6700}> (0x00000007232d6700) 
thrown [s\open\src\hotspot\share\prims\jni.cpp, line 516]
Event: 905.493 Thread 0x0000023ff65e2810 Exception <a 'java/io/FileNotFoundException'{0x00000007232dd710}> (0x00000007232dd710) 
thrown [s\open\src\hotspot\share\prims\jni.cpp, line 516]
Event: 905.493 Thread 0x0000023ff65e2810 Exception <a 'java/io/FileNotFoundException'{0x00000007232de960}> (0x00000007232de960) 
thrown [s\open\src\hotspot\share\prims\jni.cpp, line 516]

VM Operations (20 events):
Event: 208.604 Executing VM operation: Cleanup done
Event: 209.613 Executing VM operation: Cleanup
Event: 209.613 Executing VM operation: Cleanup done
Event: 212.642 Executing VM operation: Cleanup
Event: 212.642 Executing VM operation: Cleanup done
Event: 213.654 Executing VM operation: Cleanup
Event: 213.654 Executing VM operation: Cleanup done
Event: 271.103 Executing VM operation: Cleanup
Event: 271.103 Executing VM operation: Cleanup done
Event: 308.395 Executing VM operation: Cleanup
Event: 308.395 Executing VM operation: Cleanup done
Event: 315.459 Executing VM operation: Cleanup
Event: 315.459 Executing VM operation: Cleanup done
Event: 466.814 Executing VM operation: Cleanup
Event: 466.814 Executing VM operation: Cleanup done
Event: 661.385 Executing VM operation: Cleanup
Event: 661.385 Executing VM operation: Cleanup done
Event: 824.752 Executing VM operation: Cleanup
Event: 824.752 Executing VM operation: Cleanup done
Event: 926.229 Executing VM operation: G1CollectForAllocation

Events (20 events):
Event: 21.795 loading class java/util/stream/Nodes$IntFixedNodeBuilder done
Event: 21.795 loading class java/util/stream/ReferencePipeline$4$1
Event: 21.795 loading class java/util/stream/ReferencePipeline$4$1 done
Event: 21.901 loading class java/util/stream/LongStream
Event: 21.901 loading class java/util/stream/LongStream done
Event: 21.901 loading class java/util/stream/DoubleStream
Event: 21.901 loading class java/util/stream/DoubleStream done
Event: 24.213 Thread 0x0000023ff829a0b0 Thread exited: 0x0000023ff829a0b0
Event: 24.213 Thread 0x0000023ff15319c0 Thread exited: 0x0000023ff15319c0
Event: 30.667 Thread 0x0000023ff17728a0 Thread exited: 0x0000023ff17728a0
Event: 74.647 Thread 0x0000023ff8bbdd00 Thread added: 0x0000023ff8bbdd00
Event: 80.282 Thread 0x0000023ff17728a0 Thread added: 0x0000023ff17728a0
Event: 80.282 Thread 0x0000023ff15319c0 Thread added: 0x0000023ff15319c0
Event: 80.282 Thread 0x0000023ff829a0b0 Thread added: 0x0000023ff829a0b0
Event: 84.408 Thread 0x0000023ff829a0b0 Thread exited: 0x0000023ff829a0b0
Event: 84.408 Thread 0x0000023ff15319c0 Thread exited: 0x0000023ff15319c0
Event: 91.420 Thread 0x0000023ff65e5090 Thread exited: 0x0000023ff65e5090
Event: 98.667 Thread 0x0000023ff17728a0 Thread exited: 0x0000023ff17728a0
Event: 181.479 Thread 0x0000023ff8bbe720 Thread added: 0x0000023ff8bbe720
Event: 256.477 Thread 0x0000023ff65e4160 Thread exited: 0x0000023ff65e4160


Dynamic libraries:
0x00007ff769ee0000 - 0x00007ff769ef0000 	C:\Program Files\Java\jdk-17\bin\java.exe
0x00007fff0fcc0000 - 0x00007fff0ff28000 	C:\WINDOWS\SYSTEM32\ntdll.dll
0x00007fff0ef40000 - 0x00007fff0f009000 	C:\WINDOWS\System32\KERNEL32.DLL
0x00007fff0cf20000 - 0x00007fff0d312000 	C:\WINDOWS\System32\KERNELBASE.dll
0x00007fff0d5e0000 - 0x00007fff0d72b000 	C:\WINDOWS\System32\ucrtbase.dll
0x00007ffef19d0000 - 0x00007ffef19e9000 	C:\Program Files\Java\jdk-17\bin\jli.dll
0x00007fff0fb40000 - 0x00007fff0fbf4000 	C:\WINDOWS\System32\ADVAPI32.dll
0x00007fff0f270000 - 0x00007fff0f319000 	C:\WINDOWS\System32\msvcrt.dll
0x00007fff0e0f0000 - 0x00007fff0e196000 	C:\WINDOWS\System32\sechost.dll
0x00007fff0f0f0000 - 0x00007fff0f208000 	C:\WINDOWS\System32\RPCRT4.dll
0x00007fff0f790000 - 0x00007fff0f955000 	C:\WINDOWS\System32\USER32.dll
0x00007fff0cef0000 - 0x00007fff0cf17000 	C:\WINDOWS\System32\win32u.dll
0x00007fff0e1b0000 - 0x00007fff0e1db000 	C:\WINDOWS\System32\GDI32.dll
0x00007fff0d8b0000 - 0x00007fff0d9dd000 	C:\WINDOWS\System32\gdi32full.dll
0x00007fff0ce40000 - 0x00007fff0cee3000 	C:\WINDOWS\System32\msvcp_win.dll
0x00007ffeeda00000 - 0x00007ffeeda1b000 	C:\Program Files\Java\jdk-17\bin\VCRUNTIME140.dll
0x00007ffef6fa0000 - 0x00007ffef7233000 	C:\WINDOWS\WinSxS\amd64_microsoft.windows.common-controls_6595b64144ccf1df_6.0.26100.6682_none_3e0e9e60e32ebb61\COMCTL32.dll
0x00007fff02f10000 - 0x00007fff02f1b000 	C:\WINDOWS\SYSTEM32\VERSION.dll
0x00007fff0f330000 - 0x00007fff0f35f000 	C:\WINDOWS\System32\IMM32.DLL
0x00007ffefe210000 - 0x00007ffefe21c000 	C:\Program Files\Java\jdk-17\bin\vcruntime140_1.dll
0x00007ffec9f50000 - 0x00007ffec9fde000 	C:\Program Files\Java\jdk-17\bin\msvcp140.dll
0x00007ffe2a8a0000 - 0x00007ffe2b480000 	C:\Program Files\Java\jdk-17\bin\server\jvm.dll
0x00007fff0e360000 - 0x00007fff0e368000 	C:\WINDOWS\System32\PSAPI.DLL
0x00007ffef8db0000 - 0x00007ffef8dba000 	C:\WINDOWS\SYSTEM32\WSOCK32.dll
0x00007fff0fac0000 - 0x00007fff0fb34000 	C:\WINDOWS\System32\WS2_32.dll
0x00007fff03cc0000 - 0x00007fff03cf5000 	C:\WINDOWS\SYSTEM32\WINMM.dll
0x00007fff0bc10000 - 0x00007fff0bc2b000 	C:\WINDOWS\SYSTEM32\kernel.appcore.dll
0x00007ffefc600000 - 0x00007ffefc60a000 	C:\Program Files\Java\jdk-17\bin\jimage.dll
0x00007ffefe950000 - 0x00007ffefeb92000 	C:\WINDOWS\SYSTEM32\DBGHELP.DLL
0x00007fff0e430000 - 0x00007fff0e7ab000 	C:\WINDOWS\System32\combase.dll
0x00007fff0f010000 - 0x00007fff0f0e7000 	C:\WINDOWS\System32\OLEAUT32.dll
0x00007ffefff20000 - 0x00007ffefff5c000 	C:\WINDOWS\SYSTEM32\dbgcore.DLL
0x00007fff0d9e0000 - 0x00007fff0da78000 	C:\WINDOWS\System32\bcryptPrimitives.dll
0x00007ffefc460000 - 0x00007ffefc46e000 	C:\Program Files\Java\jdk-17\bin\instrument.dll
0x00007ffee9c30000 - 0x00007ffee9c55000 	C:\Program Files\Java\jdk-17\bin\java.dll
0x00007ffe99800000 - 0x00007ffe998d7000 	C:\Program Files\Java\jdk-17\bin\jsvml.dll
0x00007fff0e7e0000 - 0x00007fff0ef31000 	C:\WINDOWS\System32\SHELL32.dll
0x00007fff0d320000 - 0x00007fff0d48b000 	C:\WINDOWS\System32\wintypes.dll
0x00007fff0aa60000 - 0x00007fff0b2bf000 	C:\WINDOWS\SYSTEM32\windows.storage.dll
0x00007fff0f3e0000 - 0x00007fff0f4d2000 	C:\WINDOWS\System32\SHCORE.dll
0x00007fff0e260000 - 0x00007fff0e2c2000 	C:\WINDOWS\System32\shlwapi.dll
0x00007fff0cd60000 - 0x00007fff0cd88000 	C:\WINDOWS\SYSTEM32\profapi.dll
0x00007ffedc9b0000 - 0x00007ffedc9c8000 	C:\Program Files\Java\jdk-17\bin\zip.dll
0x00007ffee65d0000 - 0x00007ffee65e9000 	C:\Program Files\Java\jdk-17\bin\net.dll
0x00007fff03e50000 - 0x00007fff03f70000 	C:\WINDOWS\SYSTEM32\WINHTTP.dll
0x00007fff0c180000 - 0x00007fff0c1eb000 	C:\WINDOWS\system32\mswsock.dll
0x00007ffedcc60000 - 0x00007ffedcc76000 	C:\Program Files\Java\jdk-17\bin\nio.dll
0x00007fff0b7a0000 - 0x00007fff0b8c5000 	C:\WINDOWS\SYSTEM32\DNSAPI.dll
0x00007fff0b760000 - 0x00007fff0b794000 	C:\WINDOWS\SYSTEM32\IPHLPAPI.DLL
0x00007fff0f320000 - 0x00007fff0f32a000 	C:\WINDOWS\System32\NSI.dll
0x00007fff02f20000 - 0x00007fff02f2b000 	C:\Windows\System32\rasadhlp.dll
0x00007fff07420000 - 0x00007fff074a6000 	C:\WINDOWS\System32\fwpuclnt.dll
0x00007ffef49e0000 - 0x00007ffef49ea000 	C:\Program Files\Java\jdk-17\bin\management.dll
0x00007ffef4350000 - 0x00007ffef435b000 	C:\Program Files\Java\jdk-17\bin\management_ext.dll
0x00007fff0c430000 - 0x00007fff0c44b000 	C:\WINDOWS\SYSTEM32\CRYPTSP.dll
0x00007fff0bb70000 - 0x00007fff0bbab000 	C:\WINDOWS\system32\rsaenh.dll
0x00007fff0c220000 - 0x00007fff0c24b000 	C:\WINDOWS\SYSTEM32\USERENV.dll
0x00007fff0cd30000 - 0x00007fff0cd56000 	C:\WINDOWS\SYSTEM32\bcrypt.dll
0x00007fff0c450000 - 0x00007fff0c45c000 	C:\WINDOWS\SYSTEM32\CRYPTBASE.dll
0x00007fff07350000 - 0x00007fff0736e000 	C:\WINDOWS\SYSTEM32\dhcpcsvc6.DLL
0x00007fff07160000 - 0x00007fff07183000 	C:\WINDOWS\SYSTEM32\dhcpcsvc.DLL
0x00007ffe74f50000 - 0x00007ffe74f68000 	C:\WINDOWS\system32\napinsp.dll
0x00007ffe74f30000 - 0x00007ffe74f42000 	C:\WINDOWS\System32\winrnr.dll
0x00007fff03250000 - 0x00007fff03278000 	C:\WINDOWS\system32\nlansp_c.dll
0x00007ffee0df0000 - 0x00007ffee0e06000 	C:\WINDOWS\system32\wshbth.dll
0x00007ffefc8b0000 - 0x00007ffefc906000 	C:\WINDOWS\SYSTEM32\pdh.dll
0x00007ffef19f0000 - 0x00007ffef1a02000 	C:\WINDOWS\System32\perfproc.dll
0x00007ffef4490000 - 0x00007ffef449e000 	C:\Program Files\Java\jdk-17\bin\sunmscapi.dll
0x00007fff0d730000 - 0x00007fff0d8a7000 	C:\WINDOWS\System32\CRYPT32.dll
0x00007fff0c650000 - 0x00007fff0c680000 	C:\WINDOWS\SYSTEM32\ncrypt.dll
0x00007fff0c600000 - 0x00007fff0c63f000 	C:\WINDOWS\SYSTEM32\NTASN1.dll
0x00007ffef19c0000 - 0x00007ffef19d0000 	C:\Program Files\Java\jdk-17\bin\verify.dll
0x00007ffe74fa0000 - 0x00007ffe74fa8000 	C:\WINDOWS\system32\wshunix.dll

dbghelp: loaded successfully - version: 4.0.5 - missing functions: none
symbol engine: initialized successfully - sym options: 0x614 - pdb path: .;C:\Program Files\Java\jdk-17\bin;C:\WINDOWS\SYSTEM32;C:\WINDOWS\WinSxS\amd64_microsoft.windows.common-controls_6595b64144ccf1df_6.0.26100.6682_none_3e0e9e60e32ebb61;C:\Program Files\Java\jdk-17\bin\server

VM Arguments:
jvm_args: -XX:TieredStopAtLevel=1 -Dspring.output.ansi.enabled=always -Dcom.sun.management.jmxremote -Dspring.jmx.enabled=true -Dspring.liveBeansView.mbeanDomain -Dspring.application.admin.enabled=true -Dmanagement.endpoints.jmx.exposure.include=* -javaagent:C:\Program Files\JetBrains\IntelliJ IDEA 2025.1.1.1\lib\idea_rt.jar=59724 -Dfile.encoding=UTF-8 
java_command: com.example.datn_sd28_2025.DatnSd282025Application
java_class_path (initial): C:\Users\Admin\Downloads\DATN_SD28_2025_FIXED\DATN_SD28_2025\target\classes;C:\Users\Admin\.m2\repository\org\springframework\boot\spring-boot-starter\3.5.6\spring-boot-starter-3.5.6.jar;C:\Users\Admin\.m2\repository\org\springframework\boot\spring-boot\3.5.6\spring-boot-3.5.6.jar;C:\Users\Admin\.m2\repository\org\springframework\spring-context\6.2.11\spring-context-6.2.11.jar;C:\Users\Admin\.m2\repository\org\springframework\boot\spring-boot-autoconfigure\3.5.6\spring-boot-autoconfigure-3.5.6.jar;C:\Users\Admin\.m2\repository\org\springframework\boot\spring-boot-starter-logging\3.5.6\spring-boot-starter-logging-3.5.6.jar;C:\Users\Admin\.m2\repository\ch\qos\logback\logback-classic\1.5.18\logback-classic-1.5.18.jar;C:\Users\Admin\.m2\repository\ch\qos\logback\logback-core\1.5.18\logback-core-1.5.18.jar;C:\Users\Admin\.m2\repository\org\apache\logging\log4j\log4j-to-slf4j\2.24.3\log4j-to-slf4j-2.24.3.jar;C:\Users\Admin\.m2\repository\org\slf4j\jul-to-slf4j\2.0.17\jul-to-slf4j-2.0.17.jar;C:\Users\Admin\.m2\repository\jakarta\annotation\jakarta.annotation-api\2.1.1\jakarta.annotation-api-2.1.1.jar;C:\Users\Admin\.m2\repository\org\springframework\spring-core\6.2.11\spring-core-6.2.11.jar;C:\Users\Admin\.m2\repository\org\springframework\spring-jcl\6.2.11\spring-jcl-6.2.11.jar;C:\Users\Admin\.m2\repository\org\yaml\snakeyaml\2.4\snakeyaml-2.4.jar;C:\Users\Admin\.m2\repository\org\springframework\boot\spring-boot-starter-web\3.5.6\spring-boot-starter-web-3.5.6.jar;C:\Users\Admin\.m2\repository\org\springframework\boot\spring-boot-starter-json\3.5.6\spring-boot-starter-json-3.5.6.jar;C:\Users\Admin\.m2\repository\com\fasterxml\jackson\datatype\jackson-datatype-jdk8\2.19.2\jackson-datatype-jdk8-2.19.2.jar;C:\Users\Admin\.m2\repository\com\fasterxml\jackson\datatype\jackson-datatype-jsr310\2.19.2\jackson-datatype-jsr310-2.19.2.jar;C:\Users\Admin\.m2\repository\com\fasterxml\jackson\module\jackson-module-parameter-names\2.19.2\jackson-module-para
Launcher Type: SUN_STANDARD

[Global flags]
     intx CICompilerCount                          = 4                                         {product} {ergonomic}
     uint ConcGCThreads                            = 3                                         {product} {ergonomic}
     uint G1ConcRefinementThreads                  = 10                                        {product} {ergonomic}
   size_t G1HeapRegionSize                         = 2097152                                   {product} {ergonomic}
    uintx GCDrainStackTargetSize                   = 64                                        {product} {ergonomic}
   size_t InitialHeapSize                          = 255852544                                 {product} {ergonomic}
     bool ManagementServer                         = true                                      {product} {command line}
   size_t MarkStackSize                            = 4194304                                   {product} {ergonomic}
   size_t MaxHeapSize                              = 4083154944                                {product} {ergonomic}
   size_t MaxNewSize                               = 2449473536                                {product} {ergonomic}
   size_t MinHeapDeltaBytes                        = 2097152                                   {product} {ergonomic}
   size_t MinHeapSize                              = 8388608                                   {product} {ergonomic}
    uintx NonProfiledCodeHeapSize                  = 0                                      {pd product} {ergonomic}
     bool ProfileInterpreter                       = false                                  {pd product} {command line}
    uintx ProfiledCodeHeapSize                     = 0                                      {pd product} {ergonomic}
   size_t SoftMaxHeapSize                          = 4083154944                             {manageable} {ergonomic}
     intx TieredStopAtLevel                        = 1                                         {product} {command line}
     bool UseCompressedClassPointers               = true                           {product lp64_product} {ergonomic}
     bool UseCompressedOops                        = true                           {product lp64_product} {ergonomic}
     bool UseG1GC                                  = true                                      {product} {ergonomic}
     bool UseLargePagesIndividualAllocation        = false                                  {pd product} {ergonomic}

Logging:
Log output configuration:
 #0: stdout all=warning uptime,level,tags
 #1: stderr all=off uptime,level,tags

Environment Variables:
PATH=c:\Users\Admin\AppData\Local\Programs\cursor\resources\app\bin;C:\Python312\;C:\Program Files\Java\jdk-23\bin;C:\Python312\Scripts\;C:\Program Files\Common Files\Oracle\Java\javapath;C:\Program Files (x86)\Common Files\Oracle\Java\javapath;C:\WINDOWS\system32;C:\WINDOWS;C:\WINDOWS\System32\Wbem;C:\WINDOWS\System32\WindowsPowerShell\v1.0\;C:\WINDOWS\System32\OpenSSH\;C:\ProgramData\chocolatey\bin;C:\Program Files\Microsoft SQL Server\Client SDK\ODBC\170\Tools\Binn\;C:\Program Files\dotnet\;C:\Program Files\Git\cmd;C:\Program Files\nodejs\;C:\Program Files\Apache\apache-maven-3.9.9\bin;C:\sqlite;C:\Program Files\;C:\WINDOWS\system32;C:\WINDOWS;C:\WINDOWS\System32\Wbem;C:\WINDOWS\System32\WindowsPowerShell\v1.0\;C:\WINDOWS\System32\OpenSSH\;C:\Program Files\PostgreSQL\17\bin;;C:\Program Files\Docker\Docker\resources\bin;C:\Program Files\Cloudflare\Cloudflare WARP\;C:\Program Files (x86)\Windows Kits\10\Windows Performance Toolkit\;C:\Program Files (x86)\Microsoft SQL Server\170\Tools\Binn\;C:\Program Files\Microsoft SQL Server\170\Tools\Binn\;C:\Program Files\Microsoft SQL Server\Client SDK\ODBC\180\Tools\Binn\;C:\Program Files\Microsoft SQL Server\170\DTS\Binn\;C:\Program Files (x86)\Microsoft SQL Server\160\DTS\Binn\;C:\Users\Admin\AppData\Local\Microsoft\WindowsApps;C:\Users\Admin\AppData\Local\Programs\Microsoft VS Code\bin;C:\yt-dlp;C:\Users\Admin\AppData\Roaming\npm;C:\Program Files\JetBrains\PyCharm 2024.3.2\bin;C:\Program Files\JetBrains\IntelliJ IDEA 2025.1.1.1\bin;C:\Users\Admin\.dotnet\tools;C:\Program Files\heroku\bin;C:\Users\Admin\AppData\Local\GitHubDesktop\bin;C:\Users\Admin\AppData\Local\JetBrains\Toolbox\scripts;C:\Program Files\JetBrains\JetBrains Rider 2025.3.0.1\bin;C:\Users\Admin\AppData\Local\Programs\Windsurf\bin
USERNAME=admin
OS=Windows_NT
PROCESSOR_IDENTIFIER=AMD64 Family 25 Model 68 Stepping 1, AuthenticAMD



---------------  S Y S T E M  ---------------

OS:
 Windows 11 , 64 bit Build 26100 (10.0.26100.6690)
OS uptime: 0 days 2:12 hours
Hyper-V role detected

CPU: total 12 (initial active 12) (12 cores per cpu, 2 threads per core) family 25 model 68 stepping 1 microcode 0xa404107, cx8, cmov, fxsr, ht, mmx, 3dnowpref, sse, sse2, sse3, ssse3, sse4a, sse4.1, sse4.2, popcnt, lzcnt, tsc, tscinvbit, avx, avx2, aes, erms, clmul, bmi1, bmi2, adx, sha, fma, vzeroupper, clflush, clflushopt, hv

Memory: 4k page, system-wide physical 15571M (1035M free)
TotalPageFile size 30409M (AvailPageFile size 543M)
current process WorkingSet (physical memory assigned to process): 169M, peak: 740M
current process commit charge ("private bytes"): 799M, peak: 1339M

vm_info: Java HotSpot(TM) 64-Bit Server VM (17.0.12+8-LTS-286) for windows-amd64 JRE (17.0.12+8-LTS-286), built on Jun  5 2024 06:46:59 by "mach5one" with MS VC++ 17.6 (VS2022)

END.
